Archive member included to satisfy reference by file (symbol)

/home/nicko/work/Renesas-SK-S7G2_devel/synergy/ssp/src/driver/r_fmi/libs/libfmi_cm4_s7g2_gcc.a(r_fmi.o)
                              Build/src/synergy_gen/common_data.o (g_fmi_on_fmi)
/home/nicko/work/Renesas-SK-S7G2_devel/synergy/ssp/src/bsp/mcu/s7g2/libfmi_R7FS7G27H3A01CFC_gcc.a(bsp_fmi_R7FS7G27H3A01CFC.o)
                              /home/nicko/work/Renesas-SK-S7G2_devel/synergy/ssp/src/driver/r_fmi/libs/libfmi_cm4_s7g2_gcc.a(r_fmi.o) (g_fmi_data)
/usr/lib/gcc/arm-none-eabi/9.2.1/../../../arm-none-eabi/lib/thumb/v7e-m+fp/hard/libc.a(lib_a-atexit.o)
                              /usr/lib/gcc/arm-none-eabi/9.2.1/../../../arm-none-eabi/lib/thumb/v7e-m+fp/hard/crt0.o (atexit)
/usr/lib/gcc/arm-none-eabi/9.2.1/../../../arm-none-eabi/lib/thumb/v7e-m+fp/hard/libc.a(lib_a-errno.o)
                              Build/synergy/ssp/src/bsp/mcu/all/bsp_sbrk.o (__errno)
/usr/lib/gcc/arm-none-eabi/9.2.1/../../../arm-none-eabi/lib/thumb/v7e-m+fp/hard/libc.a(lib_a-exit.o)
                              /usr/lib/gcc/arm-none-eabi/9.2.1/../../../arm-none-eabi/lib/thumb/v7e-m+fp/hard/crt0.o (exit)
/usr/lib/gcc/arm-none-eabi/9.2.1/../../../arm-none-eabi/lib/thumb/v7e-m+fp/hard/libc.a(lib_a-fini.o)
                              /usr/lib/gcc/arm-none-eabi/9.2.1/../../../arm-none-eabi/lib/thumb/v7e-m+fp/hard/crt0.o (__libc_fini_array)
/usr/lib/gcc/arm-none-eabi/9.2.1/../../../arm-none-eabi/lib/thumb/v7e-m+fp/hard/libc.a(lib_a-impure.o)
                              /usr/lib/gcc/arm-none-eabi/9.2.1/../../../arm-none-eabi/lib/thumb/v7e-m+fp/hard/libc.a(lib_a-exit.o) (_global_impure_ptr)
/usr/lib/gcc/arm-none-eabi/9.2.1/../../../arm-none-eabi/lib/thumb/v7e-m+fp/hard/libc.a(lib_a-init.o)
                              /usr/lib/gcc/arm-none-eabi/9.2.1/../../../arm-none-eabi/lib/thumb/v7e-m+fp/hard/crt0.o (__libc_init_array)
/usr/lib/gcc/arm-none-eabi/9.2.1/../../../arm-none-eabi/lib/thumb/v7e-m+fp/hard/libc.a(lib_a-memset.o)
                              /usr/lib/gcc/arm-none-eabi/9.2.1/../../../arm-none-eabi/lib/thumb/v7e-m+fp/hard/crt0.o (memset)
/usr/lib/gcc/arm-none-eabi/9.2.1/../../../arm-none-eabi/lib/thumb/v7e-m+fp/hard/libc.a(lib_a-rand.o)
                              Build/synergy/ssp/src/bsp/cmsis/Device/RENESAS/S7G2/Source/system_S7G2.o (srand)
/usr/lib/gcc/arm-none-eabi/9.2.1/../../../arm-none-eabi/lib/thumb/v7e-m+fp/hard/libc.a(lib_a-__atexit.o)
                              /usr/lib/gcc/arm-none-eabi/9.2.1/../../../arm-none-eabi/lib/thumb/v7e-m+fp/hard/libc.a(lib_a-atexit.o) (__register_exitproc)
/usr/lib/gcc/arm-none-eabi/9.2.1/../../../arm-none-eabi/lib/thumb/v7e-m+fp/hard/libc.a(lib_a-__call_atexit.o)
                              /usr/lib/gcc/arm-none-eabi/9.2.1/../../../arm-none-eabi/lib/thumb/v7e-m+fp/hard/libc.a(lib_a-exit.o) (__call_exitprocs)
/usr/lib/gcc/arm-none-eabi/9.2.1/../../../arm-none-eabi/lib/thumb/v7e-m+fp/hard/libnosys.a(_exit.o)
                              /usr/lib/gcc/arm-none-eabi/9.2.1/../../../arm-none-eabi/lib/thumb/v7e-m+fp/hard/libc.a(lib_a-exit.o) (_exit)

Discarded input sections

 .text          0x0000000000000000        0x0 /usr/lib/gcc/arm-none-eabi/9.2.1/thumb/v7e-m+fp/hard/crti.o
 .data          0x0000000000000000        0x0 /usr/lib/gcc/arm-none-eabi/9.2.1/thumb/v7e-m+fp/hard/crti.o
 .bss           0x0000000000000000        0x0 /usr/lib/gcc/arm-none-eabi/9.2.1/thumb/v7e-m+fp/hard/crti.o
 .data          0x0000000000000000        0x4 /usr/lib/gcc/arm-none-eabi/9.2.1/thumb/v7e-m+fp/hard/crtbegin.o
 .text          0x0000000000000000       0x70 /usr/lib/gcc/arm-none-eabi/9.2.1/../../../arm-none-eabi/lib/thumb/v7e-m+fp/hard/crt0.o
 .data          0x0000000000000000        0x0 /usr/lib/gcc/arm-none-eabi/9.2.1/../../../arm-none-eabi/lib/thumb/v7e-m+fp/hard/crt0.o
 .bss           0x0000000000000000        0x0 /usr/lib/gcc/arm-none-eabi/9.2.1/../../../arm-none-eabi/lib/thumb/v7e-m+fp/hard/crt0.o
 .ARM.extab     0x0000000000000000        0x0 /usr/lib/gcc/arm-none-eabi/9.2.1/../../../arm-none-eabi/lib/thumb/v7e-m+fp/hard/crt0.o
 .ARM.exidx     0x0000000000000000       0x10 /usr/lib/gcc/arm-none-eabi/9.2.1/../../../arm-none-eabi/lib/thumb/v7e-m+fp/hard/crt0.o
 .debug_line    0x0000000000000000       0x87 /usr/lib/gcc/arm-none-eabi/9.2.1/../../../arm-none-eabi/lib/thumb/v7e-m+fp/hard/crt0.o
 .debug_info    0x0000000000000000       0x26 /usr/lib/gcc/arm-none-eabi/9.2.1/../../../arm-none-eabi/lib/thumb/v7e-m+fp/hard/crt0.o
 .debug_abbrev  0x0000000000000000       0x14 /usr/lib/gcc/arm-none-eabi/9.2.1/../../../arm-none-eabi/lib/thumb/v7e-m+fp/hard/crt0.o
 .debug_aranges
                0x0000000000000000       0x20 /usr/lib/gcc/arm-none-eabi/9.2.1/../../../arm-none-eabi/lib/thumb/v7e-m+fp/hard/crt0.o
 .debug_str     0x0000000000000000       0x98 /usr/lib/gcc/arm-none-eabi/9.2.1/../../../arm-none-eabi/lib/thumb/v7e-m+fp/hard/crt0.o
 .ARM.attributes
[...]
Memory Configuration

Name             Origin             Length             Attributes
FLASH            0x0000000000000000 0x0000000000400000 xr
RAM              0x000000001ffe0000 0x00000000000a0000 xrw
DATA_FLASH       0x0000000040100000 0x0000000000010000 xr
QSPI_FLASH       0x0000000060000000 0x0000000004000000 xr
SDRAM            0x0000000090000000 0x0000000002000000 xrw
ID_CODES         0x0000000040120050 0x0000000000000010 xr
*default*        0x0000000000000000 0xffffffffffffffff

Linker script and memory map

LOAD /usr/lib/gcc/arm-none-eabi/9.2.1/thumb/v7e-m+fp/hard/crti.o
LOAD /usr/lib/gcc/arm-none-eabi/9.2.1/thumb/v7e-m+fp/hard/crtbegin.o
LOAD /usr/lib/gcc/arm-none-eabi/9.2.1/../../../arm-none-eabi/lib/thumb/v7e-m+fp/hard/crt0.o
LOAD Build/src/hal_entry.o
LOAD Build/src/synergy_gen/hal_data.o
LOAD Build/src/synergy_gen/main.o
LOAD Build/src/synergy_gen/common_data.o
LOAD Build/src/synergy_gen/pin_data.o
LOAD Build/synergy/board/s7g2_sk/bsp_init.o
LOAD Build/synergy/board/s7g2_sk/bsp_leds.o
LOAD Build/synergy/board/s7g2_sk/bsp_qspi.o
LOAD Build/synergy/ssp/src/bsp/cmsis/Device/RENESAS/S7G2/Source/system_S7G2.o
LOAD Build/synergy/ssp/src/bsp/cmsis/Device/RENESAS/S7G2/Source/startup_S7G2.o
LOAD Build/synergy/ssp/src/bsp/mcu/all/bsp_irq.o
LOAD Build/synergy/ssp/src/bsp/mcu/all/bsp_common.o
LOAD Build/synergy/ssp/src/bsp/mcu/all/bsp_locking.o
LOAD Build/synergy/ssp/src/bsp/mcu/all/bsp_common_leds.o
LOAD Build/synergy/ssp/src/bsp/mcu/all/bsp_sbrk.o
LOAD Build/synergy/ssp/src/bsp/mcu/all/bsp_delay.o
LOAD Build/synergy/ssp/src/bsp/mcu/all/bsp_register_protection.o
LOAD Build/synergy/ssp/src/bsp/mcu/s7g2/bsp_module_stop.o
LOAD Build/synergy/ssp/src/bsp/mcu/s7g2/bsp_group_irq.o
LOAD Build/synergy/ssp/src/bsp/mcu/s7g2/bsp_feature.o
LOAD Build/synergy/ssp/src/bsp/mcu/s7g2/bsp_rom_registers.o
LOAD Build/synergy/ssp/src/bsp/mcu/s7g2/bsp_hw_locks.o
LOAD Build/synergy/ssp/src/bsp/mcu/s7g2/bsp_clocks.o
LOAD Build/synergy/ssp/src/bsp/mcu/s7g2/bsp_cache.o
LOAD Build/synergy/ssp/src/driver/r_cgc/r_cgc.o
LOAD Build/synergy/ssp/src/driver/r_elc/r_elc.o
LOAD Build/synergy/ssp/src/driver/r_ioport/r_ioport.o
LOAD /home/nicko/work/Renesas-SK-S7G2_devel/synergy/ssp/src/driver/r_fmi/libs/libfmi_cm4_s7g2_gcc.a
LOAD /home/nicko/work/Renesas-SK-S7G2_devel/synergy/ssp/src/bsp/mcu/s7g2/libfmi_R7FS7G27H3A01CFC_gcc.a
START GROUP
LOAD /usr/lib/gcc/arm-none-eabi/9.2.1/thumb/v7e-m+fp/hard/libgcc.a
LOAD /usr/lib/gcc/arm-none-eabi/9.2.1/../../../arm-none-eabi/lib/thumb/v7e-m+fp/hard/libc.a
END GROUP
LOAD /usr/lib/gcc/arm-none-eabi/9.2.1/thumb/v7e-m+fp/hard/crtend.o
LOAD /usr/lib/gcc/arm-none-eabi/9.2.1/thumb/v7e-m+fp/hard/crtn.o
START GROUP
LOAD /usr/lib/gcc/arm-none-eabi/9.2.1/thumb/v7e-m+fp/hard/libgcc.a
LOAD /usr/lib/gcc/arm-none-eabi/9.2.1/../../../arm-none-eabi/lib/thumb/v7e-m+fp/hard/libc.a
LOAD /usr/lib/gcc/arm-none-eabi/9.2.1/../../../arm-none-eabi/lib/thumb/v7e-m+fp/hard/libm.a
LOAD /usr/lib/gcc/arm-none-eabi/9.2.1/../../../arm-none-eabi/lib/thumb/v7e-m+fp/hard/libnosys.a
END GROUP

.text           0x0000000000000000     0x3e1c
                0x0000000000000000                __ROM_Start = .
 *(.vectors)
 .vectors       0x0000000000000000       0x40 Build/synergy/ssp/src/bsp/cmsis/Device/RENESAS/S7G2/Source/startup_S7G2.o
                0x0000000000000000                __Vectors
 *(SORT_BY_NAME(.vector.*))
                0x0000000000000040                __Vectors_End = .
                0x000000001ffe0560                __end__ = .
                0x0000000000000400                . = (__ROM_Start + 0x400)
 *fill*         0x0000000000000040      0x3c0 ff
 *(.rom_registers*)
 .rom_registers
                0x0000000000000400       0x3c Build/synergy/ssp/src/bsp/mcu/s7g2/bsp_rom_registers.o
                0x0000000000000500                . = (__ROM_Start + 0x500)
 *fill*         0x000000000000043c       0xc4 ff
                0x0000000000000500                __Vector_Info_Start = .
 *(SORT_BY_NAME(.vector_info.*))
                0x0000000000000500                __Vector_Info_End = .
                0x0000000000000500                __Lock_Lookup_Start = .
 *(SORT_BY_NAME(.hw_lock_lookup.*))
 .hw_lock_lookup.ADC_0U_0U
                0x0000000000000500        0x4 Build/synergy/ssp/src/bsp/mcu/s7g2/bsp_hw_locks.o
                0x0000000000000500                g_lock_lookup_ADC_0U_0U
 .hw_lock_lookup.ADC_0U_1U
                0x0000000000000504        0x4 Build/synergy/ssp/src/bsp/mcu/s7g2/bsp_hw_locks.o
                0x0000000000000504                g_lock_lookup_ADC_0U_1U
 .hw_lock_lookup.AGT_0U_0U
                0x0000000000000508        0x4 Build/synergy/ssp/src/bsp/mcu/s7g2/bsp_hw_locks.o
                0x0000000000000508                g_lock_lookup_AGT_0U_0U
 .hw_lock_lookup.AGT_0U_1U
                0x000000000000050c        0x4 Build/synergy/ssp/src/bsp/mcu/s7g2/bsp_hw_locks.o
                0x000000000000050c                g_lock_lookup_AGT_0U_1U
 .hw_lock_lookup.BSC_0U_1U
                0x0000000000000510        0x4 Build/synergy/ssp/src/bsp/mcu/s7g2/bsp_hw_locks.o
                0x0000000000000510                g_lock_lookup_BSC_0U_1U
 .hw_lock_lookup.CAC_0U_0U
                0x0000000000000514        0x4 Build/synergy/ssp/src/bsp/mcu/s7g2/bsp_hw_locks.o
                0x0000000000000514                g_lock_lookup_CAC_0U_0U
 .hw_lock_lookup.CAN_0U_0U
                0x0000000000000518        0x4 Build/synergy/ssp/src/bsp/mcu/s7g2/bsp_hw_locks.o
                0x0000000000000518                g_lock_lookup_CAN_0U_0U
 .hw_lock_lookup.CAN_0U_1U
                0x000000000000051c        0x4 Build/synergy/ssp/src/bsp/mcu/s7g2/bsp_hw_locks.o
                0x000000000000051c                g_lock_lookup_CAN_0U_1U
 .hw_lock_lookup.COMP_HS_0U_0U
                0x0000000000000520        0x4 Build/synergy/ssp/src/bsp/mcu/s7g2/bsp_hw_locks.o
                0x0000000000000520                g_lock_lookup_COMP_HS_0U_0U
 .hw_lock_lookup.COMP_HS_0U_1U
                0x0000000000000524        0x4 Build/synergy/ssp/src/bsp/mcu/s7g2/bsp_hw_locks.o
                0x0000000000000524                g_lock_lookup_COMP_HS_0U_1U
 .hw_lock_lookup.COMP_HS_0U_2U
                0x0000000000000528        0x4 Build/synergy/ssp/src/bsp/mcu/s7g2/bsp_hw_locks.o
                0x0000000000000528                g_lock_lookup_COMP_HS_0U_2U
 .hw_lock_lookup.COMP_HS_0U_3U
                0x000000000000052c        0x4 Build/synergy/ssp/src/bsp/mcu/s7g2/bsp_hw_locks.o
                0x000000000000052c                g_lock_lookup_COMP_HS_0U_3U
 .hw_lock_lookup.COMP_HS_0U_4U
                0x0000000000000530        0x4 Build/synergy/ssp/src/bsp/mcu/s7g2/bsp_hw_locks.o
                0x0000000000000530                g_lock_lookup_COMP_HS_0U_4U
 .hw_lock_lookup.COMP_HS_0U_5U
                0x0000000000000534        0x4 Build/synergy/ssp/src/bsp/mcu/s7g2/bsp_hw_locks.o
                0x0000000000000534                g_lock_lookup_COMP_HS_0U_5U
 .hw_lock_lookup.CRC_0U_0U
                0x0000000000000538        0x4 Build/synergy/ssp/src/bsp/mcu/s7g2/bsp_hw_locks.o
                0x0000000000000538                g_lock_lookup_CRC_0U_0U
 .hw_lock_lookup.CTSU_0U_0U
                0x000000000000053c        0x4 Build/synergy/ssp/src/bsp/mcu/s7g2/bsp_hw_locks.o
                0x000000000000053c                g_lock_lookup_CTSU_0U_0U
 .hw_lock_lookup.DAAD_0U_0U
                0x0000000000000540        0x4 Build/synergy/ssp/src/bsp/mcu/s7g2/bsp_hw_locks.o
                0x0000000000000540                g_lock_lookup_DAAD_0U_0U
 .hw_lock_lookup.DAC_0U_0U
                0x0000000000000544        0x4 Build/synergy/ssp/src/bsp/mcu/s7g2/bsp_hw_locks.o
                0x0000000000000544                g_lock_lookup_DAC_0U_0U
 .hw_lock_lookup.DAC_0U_1U
                0x0000000000000548        0x4 Build/synergy/ssp/src/bsp/mcu/s7g2/bsp_hw_locks.o
                0x0000000000000548                g_lock_lookup_DAC_0U_1U
 .hw_lock_lookup.DMAC_0U_0U
                0x000000000000054c        0x4 Build/synergy/ssp/src/bsp/mcu/s7g2/bsp_hw_locks.o
                0x000000000000054c                g_lock_lookup_DMAC_0U_0U
 .hw_lock_lookup.DMAC_0U_1U
                0x0000000000000550        0x4 Build/synergy/ssp/src/bsp/mcu/s7g2/bsp_hw_locks.o
                0x0000000000000550                g_lock_lookup_DMAC_0U_1U
 .hw_lock_lookup.DMAC_0U_2U
                0x0000000000000554        0x4 Build/synergy/ssp/src/bsp/mcu/s7g2/bsp_hw_locks.o
                0x0000000000000554                g_lock_lookup_DMAC_0U_2U
 .hw_lock_lookup.DMAC_0U_3U
                0x0000000000000558        0x4 Build/synergy/ssp/src/bsp/mcu/s7g2/bsp_hw_locks.o
                0x0000000000000558                g_lock_lookup_DMAC_0U_3U
 .hw_lock_lookup.DMAC_0U_4U
                0x000000000000055c        0x4 Build/synergy/ssp/src/bsp/mcu/s7g2/bsp_hw_locks.o
                0x000000000000055c                g_lock_lookup_DMAC_0U_4U
 .hw_lock_lookup.DMAC_0U_5U
                0x0000000000000560        0x4 Build/synergy/ssp/src/bsp/mcu/s7g2/bsp_hw_locks.o
                0x0000000000000560                g_lock_lookup_DMAC_0U_5U
 .hw_lock_lookup.DMAC_0U_6U
                0x0000000000000564        0x4 Build/synergy/ssp/src/bsp/mcu/s7g2/bsp_hw_locks.o
                0x0000000000000564                g_lock_lookup_DMAC_0U_6U
 .hw_lock_lookup.DMAC_0U_7U
                0x0000000000000568        0x4 Build/synergy/ssp/src/bsp/mcu/s7g2/bsp_hw_locks.o
                0x0000000000000568                g_lock_lookup_DMAC_0U_7U
 .hw_lock_lookup.DOC_0U_0U
                0x000000000000056c        0x4 Build/synergy/ssp/src/bsp/mcu/s7g2/bsp_hw_locks.o
                0x000000000000056c                g_lock_lookup_DOC_0U_0U
 .hw_lock_lookup.DRW_0U_0U
                0x0000000000000570        0x4 Build/synergy/ssp/src/bsp/mcu/s7g2/bsp_hw_locks.o
                0x0000000000000570                g_lock_lookup_DRW_0U_0U
 .hw_lock_lookup.DTC_0U_0U
                0x0000000000000574        0x4 Build/synergy/ssp/src/bsp/mcu/s7g2/bsp_hw_locks.o
                0x0000000000000574                g_lock_lookup_DTC_0U_0U
 .hw_lock_lookup.ELC_0U_0U
                0x0000000000000578        0x4 Build/synergy/ssp/src/bsp/mcu/s7g2/bsp_hw_locks.o
                0x0000000000000578                g_lock_lookup_ELC_0U_0U
 .hw_lock_lookup.EPTPC_0U_0U
                0x000000000000057c        0x4 Build/synergy/ssp/src/bsp/mcu/s7g2/bsp_hw_locks.o
                0x000000000000057c                g_lock_lookup_EPTPC_0U_0U
 .hw_lock_lookup.ETHER_0U_0U
                0x0000000000000580        0x4 Build/synergy/ssp/src/bsp/mcu/s7g2/bsp_hw_locks.o
                0x0000000000000580                g_lock_lookup_ETHER_0U_0U
 .hw_lock_lookup.ETHER_0U_1U
                0x0000000000000584        0x4 Build/synergy/ssp/src/bsp/mcu/s7g2/bsp_hw_locks.o
                0x0000000000000584                g_lock_lookup_ETHER_0U_1U
 .hw_lock_lookup.FCU_0U_0U
                0x0000000000000588        0x4 Build/synergy/ssp/src/bsp/mcu/s7g2/bsp_hw_locks.o
                0x0000000000000588                g_lock_lookup_FCU_0U_0U
 .hw_lock_lookup.GLCDC_0U_0U
                0x000000000000058c        0x4 Build/synergy/ssp/src/bsp/mcu/s7g2/bsp_hw_locks.o
                0x000000000000058c                g_lock_lookup_GLCDC_0U_0U
 .hw_lock_lookup.GPT_0U_0U
                0x0000000000000590        0x4 Build/synergy/ssp/src/bsp/mcu/s7g2/bsp_hw_locks.o
                0x0000000000000590                g_lock_lookup_GPT_0U_0U
 .hw_lock_lookup.GPT_0U_10U
                0x0000000000000594        0x4 Build/synergy/ssp/src/bsp/mcu/s7g2/bsp_hw_locks.o
                0x0000000000000594                g_lock_lookup_GPT_0U_10U
 .hw_lock_lookup.GPT_0U_11U
                0x0000000000000598        0x4 Build/synergy/ssp/src/bsp/mcu/s7g2/bsp_hw_locks.o
                0x0000000000000598                g_lock_lookup_GPT_0U_11U
 .hw_lock_lookup.GPT_0U_12U
                0x000000000000059c        0x4 Build/synergy/ssp/src/bsp/mcu/s7g2/bsp_hw_locks.o
                0x000000000000059c                g_lock_lookup_GPT_0U_12U
 .hw_lock_lookup.GPT_0U_13U
                0x00000000000005a0        0x4 Build/synergy/ssp/src/bsp/mcu/s7g2/bsp_hw_locks.o
                0x00000000000005a0                g_lock_lookup_GPT_0U_13U
 .hw_lock_lookup.GPT_0U_1U
                0x00000000000005a4        0x4 Build/synergy/ssp/src/bsp/mcu/s7g2/bsp_hw_locks.o
                0x00000000000005a4                g_lock_lookup_GPT_0U_1U
 .hw_lock_lookup.GPT_0U_2U
                0x00000000000005a8        0x4 Build/synergy/ssp/src/bsp/mcu/s7g2/bsp_hw_locks.o
                0x00000000000005a8                g_lock_lookup_GPT_0U_2U
 .hw_lock_lookup.GPT_0U_3U
                0x00000000000005ac        0x4 Build/synergy/ssp/src/bsp/mcu/s7g2/bsp_hw_locks.o
                0x00000000000005ac                g_lock_lookup_GPT_0U_3U
 .hw_lock_lookup.GPT_0U_4U
                0x00000000000005b0        0x4 Build/synergy/ssp/src/bsp/mcu/s7g2/bsp_hw_locks.o
                0x00000000000005b0                g_lock_lookup_GPT_0U_4U
 .hw_lock_lookup.GPT_0U_5U
                0x00000000000005b4        0x4 Build/synergy/ssp/src/bsp/mcu/s7g2/bsp_hw_locks.o
                0x00000000000005b4                g_lock_lookup_GPT_0U_5U
 .hw_lock_lookup.GPT_0U_6U
                0x00000000000005b8        0x4 Build/synergy/ssp/src/bsp/mcu/s7g2/bsp_hw_locks.o
                0x00000000000005b8                g_lock_lookup_GPT_0U_6U
 .hw_lock_lookup.GPT_0U_7U
                0x00000000000005bc        0x4 Build/synergy/ssp/src/bsp/mcu/s7g2/bsp_hw_locks.o
                0x00000000000005bc                g_lock_lookup_GPT_0U_7U
 .hw_lock_lookup.GPT_0U_8U
                0x00000000000005c0        0x4 Build/synergy/ssp/src/bsp/mcu/s7g2/bsp_hw_locks.o
                0x00000000000005c0                g_lock_lookup_GPT_0U_8U
 .hw_lock_lookup.GPT_0U_9U
                0x00000000000005c4        0x4 Build/synergy/ssp/src/bsp/mcu/s7g2/bsp_hw_locks.o
                0x00000000000005c4                g_lock_lookup_GPT_0U_9U
 .hw_lock_lookup.ICU_0U_0U
                0x00000000000005c8        0x4 Build/synergy/ssp/src/bsp/mcu/s7g2/bsp_hw_locks.o
                0x00000000000005c8                g_lock_lookup_ICU_0U_0U
 .hw_lock_lookup.ICU_0U_10U
                0x00000000000005cc        0x4 Build/synergy/ssp/src/bsp/mcu/s7g2/bsp_hw_locks.o
                0x00000000000005cc                g_lock_lookup_ICU_0U_10U
 .hw_lock_lookup.ICU_0U_11U
                0x00000000000005d0        0x4 Build/synergy/ssp/src/bsp/mcu/s7g2/bsp_hw_locks.o
                0x00000000000005d0                g_lock_lookup_ICU_0U_11U
 .hw_lock_lookup.ICU_0U_12U
                0x00000000000005d4        0x4 Build/synergy/ssp/src/bsp/mcu/s7g2/bsp_hw_locks.o
                0x00000000000005d4                g_lock_lookup_ICU_0U_12U
 .hw_lock_lookup.ICU_0U_13U
                0x00000000000005d8        0x4 Build/synergy/ssp/src/bsp/mcu/s7g2/bsp_hw_locks.o
                0x00000000000005d8                g_lock_lookup_ICU_0U_13U
 .hw_lock_lookup.ICU_0U_14U
                0x00000000000005dc        0x4 Build/synergy/ssp/src/bsp/mcu/s7g2/bsp_hw_locks.o
                0x00000000000005dc                g_lock_lookup_ICU_0U_14U
 .hw_lock_lookup.ICU_0U_15U
                0x00000000000005e0        0x4 Build/synergy/ssp/src/bsp/mcu/s7g2/bsp_hw_locks.o
                0x00000000000005e0                g_lock_lookup_ICU_0U_15U
 .hw_lock_lookup.ICU_0U_1U
                0x00000000000005e4        0x4 Build/synergy/ssp/src/bsp/mcu/s7g2/bsp_hw_locks.o
                0x00000000000005e4                g_lock_lookup_ICU_0U_1U
 .hw_lock_lookup.ICU_0U_2U
                0x00000000000005e8        0x4 Build/synergy/ssp/src/bsp/mcu/s7g2/bsp_hw_locks.o
                0x00000000000005e8                g_lock_lookup_ICU_0U_2U
 .hw_lock_lookup.ICU_0U_3U
                0x00000000000005ec        0x4 Build/synergy/ssp/src/bsp/mcu/s7g2/bsp_hw_locks.o
                0x00000000000005ec                g_lock_lookup_ICU_0U_3U
 .hw_lock_lookup.ICU_0U_4U
                0x00000000000005f0        0x4 Build/synergy/ssp/src/bsp/mcu/s7g2/bsp_hw_locks.o
                0x00000000000005f0                g_lock_lookup_ICU_0U_4U
 .hw_lock_lookup.ICU_0U_5U
                0x00000000000005f4        0x4 Build/synergy/ssp/src/bsp/mcu/s7g2/bsp_hw_locks.o
                0x00000000000005f4                g_lock_lookup_ICU_0U_5U
 .hw_lock_lookup.ICU_0U_6U
                0x00000000000005f8        0x4 Build/synergy/ssp/src/bsp/mcu/s7g2/bsp_hw_locks.o
                0x00000000000005f8                g_lock_lookup_ICU_0U_6U
 .hw_lock_lookup.ICU_0U_7U
                0x00000000000005fc        0x4 Build/synergy/ssp/src/bsp/mcu/s7g2/bsp_hw_locks.o
                0x00000000000005fc                g_lock_lookup_ICU_0U_7U
 .hw_lock_lookup.ICU_0U_8U
                0x0000000000000600        0x4 Build/synergy/ssp/src/bsp/mcu/s7g2/bsp_hw_locks.o
                0x0000000000000600                g_lock_lookup_ICU_0U_8U
 .hw_lock_lookup.ICU_0U_9U
                0x0000000000000604        0x4 Build/synergy/ssp/src/bsp/mcu/s7g2/bsp_hw_locks.o
                0x0000000000000604                g_lock_lookup_ICU_0U_9U
 .hw_lock_lookup.IIC_0U_0U
                0x0000000000000608        0x4 Build/synergy/ssp/src/bsp/mcu/s7g2/bsp_hw_locks.o
                0x0000000000000608                g_lock_lookup_IIC_0U_0U
 .hw_lock_lookup.IIC_0U_1U
                0x000000000000060c        0x4 Build/synergy/ssp/src/bsp/mcu/s7g2/bsp_hw_locks.o
                0x000000000000060c                g_lock_lookup_IIC_0U_1U
 .hw_lock_lookup.IIC_0U_2U
                0x0000000000000610        0x4 Build/synergy/ssp/src/bsp/mcu/s7g2/bsp_hw_locks.o
                0x0000000000000610                g_lock_lookup_IIC_0U_2U
 .hw_lock_lookup.IRDA_0U_0U
                0x0000000000000614        0x4 Build/synergy/ssp/src/bsp/mcu/s7g2/bsp_hw_locks.o
                0x0000000000000614                g_lock_lookup_IRDA_0U_0U
 .hw_lock_lookup.IWDT_0U_0U
                0x0000000000000618        0x4 Build/synergy/ssp/src/bsp/mcu/s7g2/bsp_hw_locks.o
                0x0000000000000618                g_lock_lookup_IWDT_0U_0U
 .hw_lock_lookup.JPEG_0U_0U
                0x000000000000061c        0x4 Build/synergy/ssp/src/bsp/mcu/s7g2/bsp_hw_locks.o
                0x000000000000061c                g_lock_lookup_JPEG_0U_0U
 .hw_lock_lookup.KEY_0U_0U
                0x0000000000000620        0x4 Build/synergy/ssp/src/bsp/mcu/s7g2/bsp_hw_locks.o
                0x0000000000000620                g_lock_lookup_KEY_0U_0U
 .hw_lock_lookup.LPM_1U_0U
                0x0000000000000624        0x4 Build/synergy/ssp/src/bsp/mcu/s7g2/bsp_hw_locks.o
                0x0000000000000624                g_lock_lookup_LPM_1U_0U
 .hw_lock_lookup.LVD_0U_0U
                0x0000000000000628        0x4 Build/synergy/ssp/src/bsp/mcu/s7g2/bsp_hw_locks.o
                0x0000000000000628                g_lock_lookup_LVD_0U_0U
 .hw_lock_lookup.LVD_0U_1U
                0x000000000000062c        0x4 Build/synergy/ssp/src/bsp/mcu/s7g2/bsp_hw_locks.o
                0x000000000000062c                g_lock_lookup_LVD_0U_1U
 .hw_lock_lookup.MMF_0U_0U
                0x0000000000000630        0x4 Build/synergy/ssp/src/bsp/mcu/s7g2/bsp_hw_locks.o
                0x0000000000000630                g_lock_lookup_MMF_0U_0U
 .hw_lock_lookup.MPU_0U_0U
                0x0000000000000634        0x4 Build/synergy/ssp/src/bsp/mcu/s7g2/bsp_hw_locks.o
                0x0000000000000634                g_lock_lookup_MPU_0U_0U
 .hw_lock_lookup.OPS_0U_0U
                0x0000000000000638        0x4 Build/synergy/ssp/src/bsp/mcu/s7g2/bsp_hw_locks.o
                0x0000000000000638                g_lock_lookup_OPS_0U_0U
 .hw_lock_lookup.PDC_0U_0U
                0x000000000000063c        0x4 Build/synergy/ssp/src/bsp/mcu/s7g2/bsp_hw_locks.o
                0x000000000000063c                g_lock_lookup_PDC_0U_0U
 .hw_lock_lookup.POEG_0U_0U
                0x0000000000000640        0x4 Build/synergy/ssp/src/bsp/mcu/s7g2/bsp_hw_locks.o
                0x0000000000000640                g_lock_lookup_POEG_0U_0U
 .hw_lock_lookup.POEG_0U_1U
                0x0000000000000644        0x4 Build/synergy/ssp/src/bsp/mcu/s7g2/bsp_hw_locks.o
                0x0000000000000644                g_lock_lookup_POEG_0U_1U
 .hw_lock_lookup.POEG_0U_2U
                0x0000000000000648        0x4 Build/synergy/ssp/src/bsp/mcu/s7g2/bsp_hw_locks.o
                0x0000000000000648                g_lock_lookup_POEG_0U_2U
 .hw_lock_lookup.POEG_0U_3U
                0x000000000000064c        0x4 Build/synergy/ssp/src/bsp/mcu/s7g2/bsp_hw_locks.o
                0x000000000000064c                g_lock_lookup_POEG_0U_3U
 .hw_lock_lookup.QSPI_0U_0U
                0x0000000000000650        0x4 Build/synergy/ssp/src/bsp/mcu/s7g2/bsp_hw_locks.o
                0x0000000000000650                g_lock_lookup_QSPI_0U_0U
 .hw_lock_lookup.RTC_0U_0U
                0x0000000000000654        0x4 Build/synergy/ssp/src/bsp/mcu/s7g2/bsp_hw_locks.o
                0x0000000000000654                g_lock_lookup_RTC_0U_0U
 .hw_lock_lookup.SCE_0U_0U
                0x0000000000000658        0x4 Build/synergy/ssp/src/bsp/mcu/s7g2/bsp_hw_locks.o
                0x0000000000000658                g_lock_lookup_SCE_0U_0U
 .hw_lock_lookup.SCI_0U_0U
                0x000000000000065c        0x4 Build/synergy/ssp/src/bsp/mcu/s7g2/bsp_hw_locks.o
                0x000000000000065c                g_lock_lookup_SCI_0U_0U
 .hw_lock_lookup.SCI_0U_1U
                0x0000000000000660        0x4 Build/synergy/ssp/src/bsp/mcu/s7g2/bsp_hw_locks.o
                0x0000000000000660                g_lock_lookup_SCI_0U_1U
 .hw_lock_lookup.SCI_0U_2U
                0x0000000000000664        0x4 Build/synergy/ssp/src/bsp/mcu/s7g2/bsp_hw_locks.o
                0x0000000000000664                g_lock_lookup_SCI_0U_2U
 .hw_lock_lookup.SCI_0U_3U
                0x0000000000000668        0x4 Build/synergy/ssp/src/bsp/mcu/s7g2/bsp_hw_locks.o
                0x0000000000000668                g_lock_lookup_SCI_0U_3U
 .hw_lock_lookup.SCI_0U_4U
                0x000000000000066c        0x4 Build/synergy/ssp/src/bsp/mcu/s7g2/bsp_hw_locks.o
                0x000000000000066c                g_lock_lookup_SCI_0U_4U
 .hw_lock_lookup.SCI_0U_5U
                0x0000000000000670        0x4 Build/synergy/ssp/src/bsp/mcu/s7g2/bsp_hw_locks.o
                0x0000000000000670                g_lock_lookup_SCI_0U_5U
 .hw_lock_lookup.SCI_0U_6U
                0x0000000000000674        0x4 Build/synergy/ssp/src/bsp/mcu/s7g2/bsp_hw_locks.o
                0x0000000000000674                g_lock_lookup_SCI_0U_6U
 .hw_lock_lookup.SCI_0U_7U
                0x0000000000000678        0x4 Build/synergy/ssp/src/bsp/mcu/s7g2/bsp_hw_locks.o
                0x0000000000000678                g_lock_lookup_SCI_0U_7U
 .hw_lock_lookup.SCI_0U_8U
                0x000000000000067c        0x4 Build/synergy/ssp/src/bsp/mcu/s7g2/bsp_hw_locks.o
                0x000000000000067c                g_lock_lookup_SCI_0U_8U
 .hw_lock_lookup.SCI_0U_9U
                0x0000000000000680        0x4 Build/synergy/ssp/src/bsp/mcu/s7g2/bsp_hw_locks.o
                0x0000000000000680                g_lock_lookup_SCI_0U_9U
 .hw_lock_lookup.SDHIMMC_0U_0U
                0x0000000000000684        0x4 Build/synergy/ssp/src/bsp/mcu/s7g2/bsp_hw_locks.o
                0x0000000000000684                g_lock_lookup_SDHIMMC_0U_0U
 .hw_lock_lookup.SDHIMMC_0U_1U
                0x0000000000000688        0x4 Build/synergy/ssp/src/bsp/mcu/s7g2/bsp_hw_locks.o
                0x0000000000000688                g_lock_lookup_SDHIMMC_0U_1U
 .hw_lock_lookup.SPI_0U_0U
                0x000000000000068c        0x4 Build/synergy/ssp/src/bsp/mcu/s7g2/bsp_hw_locks.o
                0x000000000000068c                g_lock_lookup_SPI_0U_0U
 .hw_lock_lookup.SPI_0U_1U
                0x0000000000000690        0x4 Build/synergy/ssp/src/bsp/mcu/s7g2/bsp_hw_locks.o
                0x0000000000000690                g_lock_lookup_SPI_0U_1U
 .hw_lock_lookup.SRC_0U_0U
                0x0000000000000694        0x4 Build/synergy/ssp/src/bsp/mcu/s7g2/bsp_hw_locks.o
                0x0000000000000694                g_lock_lookup_SRC_0U_0U
 .hw_lock_lookup.SSI_0U_0U
                0x0000000000000698        0x4 Build/synergy/ssp/src/bsp/mcu/s7g2/bsp_hw_locks.o
                0x0000000000000698                g_lock_lookup_SSI_0U_0U
 .hw_lock_lookup.SSI_0U_1U
                0x000000000000069c        0x4 Build/synergy/ssp/src/bsp/mcu/s7g2/bsp_hw_locks.o
                0x000000000000069c                g_lock_lookup_SSI_0U_1U
 .hw_lock_lookup.TSN_0U_0U
                0x00000000000006a0        0x4 Build/synergy/ssp/src/bsp/mcu/s7g2/bsp_hw_locks.o
                0x00000000000006a0                g_lock_lookup_TSN_0U_0U
 .hw_lock_lookup.USB_0U_0U
                0x00000000000006a4        0x4 Build/synergy/ssp/src/bsp/mcu/s7g2/bsp_hw_locks.o
                0x00000000000006a4                g_lock_lookup_USB_0U_0U
 .hw_lock_lookup.USB_1U_0U
                0x00000000000006a8        0x4 Build/synergy/ssp/src/bsp/mcu/s7g2/bsp_hw_locks.o
                0x00000000000006a8                g_lock_lookup_USB_1U_0U
 .hw_lock_lookup.WDT_0U_0U
                0x00000000000006ac        0x4 Build/synergy/ssp/src/bsp/mcu/s7g2/bsp_hw_locks.o
                0x00000000000006ac                g_lock_lookup_WDT_0U_0U
                0x00000000000006b0                __Lock_Lookup_End = .
 *(.text*)
 .text          0x00000000000006b0       0x88 /usr/lib/gcc/arm-none-eabi/9.2.1/thumb/v7e-m+fp/hard/crtbegin.o
 .text.hal_entry
                0x0000000000000738       0x6c Build/src/hal_entry.o
                0x0000000000000738                hal_entry
 .text.main     0x00000000000007a4        0xa Build/src/synergy_gen/main.o
                0x00000000000007a4                main
 .text.bsp_init
                0x00000000000007ae        0x8 Build/synergy/board/s7g2_sk/bsp_init.o
                0x00000000000007ae                bsp_init
 .text.bsp_qspi_device_reset
                0x00000000000007b6       0x2a Build/synergy/board/s7g2_sk/bsp_qspi.o
 .text.bsp_qspi_xip_mode
                0x00000000000007e0       0x8e Build/synergy/board/s7g2_sk/bsp_qspi.o
 .text.bsp_qspi_xip_enter
                0x000000000000086e       0x16 Build/synergy/board/s7g2_sk/bsp_qspi.o
                0x000000000000086e                bsp_qspi_xip_enter
 .text.bsp_qspi_status_get
                0x0000000000000884       0x1a Build/synergy/board/s7g2_sk/bsp_qspi.o
                0x0000000000000884                bsp_qspi_status_get
 *fill*         0x000000000000089e        0x2 ff
 .text.bsp_qspi_init
                0x00000000000008a0      0x1a4 Build/synergy/board/s7g2_sk/bsp_qspi.o
                0x00000000000008a0                bsp_qspi_init
 .text.bsp_section_zero
                0x0000000000000a44        0xc Build/synergy/ssp/src/bsp/cmsis/Device/RENESAS/S7G2/Source/system_S7G2.o
 .text.bsp_section_copy
                0x0000000000000a50       0x1e Build/synergy/ssp/src/bsp/cmsis/Device/RENESAS/S7G2/Source/system_S7G2.o
 *fill*         0x0000000000000a6e        0x2 ff
 .text.bsp_init_prng
                0x0000000000000a70       0x60 Build/synergy/ssp/src/bsp/cmsis/Device/RENESAS/S7G2/Source/system_S7G2.o
 .text.SystemCoreClockUpdate
                0x0000000000000ad0       0x10 Build/synergy/ssp/src/bsp/cmsis/Device/RENESAS/S7G2/Source/system_S7G2.o
                0x0000000000000ad0                SystemCoreClockUpdate
 .text.R_BSP_WarmStart
                0x0000000000000ae0        0x2 Build/synergy/ssp/src/bsp/cmsis/Device/RENESAS/S7G2/Source/system_S7G2.o
                0x0000000000000ae0                R_BSP_WarmStart
 *fill*         0x0000000000000ae2        0x2 ff
 .text.SystemInit
                0x0000000000000ae4       0xf8 Build/synergy/ssp/src/bsp/cmsis/Device/RENESAS/S7G2/Source/system_S7G2.o
                0x0000000000000ae4                SystemInit
 .text.Default_Handler
                0x0000000000000bdc        0x4 Build/synergy/ssp/src/bsp/cmsis/Device/RENESAS/S7G2/Source/startup_S7G2.o
                0x0000000000000bdc                DebugMon_Handler
                0x0000000000000bdc                HardFault_Handler
                0x0000000000000bdc                SysTick_Handler
                0x0000000000000bdc                PendSV_Handler
                0x0000000000000bdc                UsageFault_Handler
                0x0000000000000bdc                Default_Handler
                0x0000000000000bdc                MemManage_Handler
                0x0000000000000bdc                SVC_Handler
                0x0000000000000bdc                BusFault_Handler
 .text.Reset_Handler
                0x0000000000000be0        0xc Build/synergy/ssp/src/bsp/cmsis/Device/RENESAS/S7G2/Source/startup_S7G2.o
                0x0000000000000be0                Reset_Handler
 .text.bsp_irq_cfg
                0x0000000000000bec       0x40 Build/synergy/ssp/src/bsp/mcu/all/bsp_irq.o
                0x0000000000000bec                bsp_irq_cfg
 .text.R_BSP_SoftwareUnlock
                0x0000000000000c2c        0x6 Build/synergy/ssp/src/bsp/mcu/all/bsp_locking.o
                0x0000000000000c2c                R_BSP_SoftwareUnlock
 *fill*         0x0000000000000c32        0x2 ff
 .text.R_BSP_HardwareUnlock
                0x0000000000000c34       0x38 Build/synergy/ssp/src/bsp/mcu/all/bsp_locking.o
                0x0000000000000c34                R_BSP_HardwareUnlock
 .text.bsp_init_hardware_locks
                0x0000000000000c6c       0x4c Build/synergy/ssp/src/bsp/mcu/all/bsp_locking.o
                0x0000000000000c6c                bsp_init_hardware_locks
 .text.R_BSP_LedsGet
                0x0000000000000cb8       0x1c Build/synergy/ssp/src/bsp/mcu/all/bsp_common_leds.o
                0x0000000000000cb8                R_BSP_LedsGet
 .text.software_delay_loop
                0x0000000000000cd4        0xa Build/synergy/ssp/src/bsp/mcu/all/bsp_delay.o
 *fill*         0x0000000000000cde        0x2 ff
 .text.R_BSP_SoftwareDelay
                0x0000000000000ce0       0x80 Build/synergy/ssp/src/bsp/mcu/all/bsp_delay.o
                0x0000000000000ce0                R_BSP_SoftwareDelay
 .text.R_BSP_RegisterProtectEnable
                0x0000000000000d60       0x68 Build/synergy/ssp/src/bsp/mcu/all/bsp_register_protection.o
                0x0000000000000d60                R_BSP_RegisterProtectEnable
 .text.R_BSP_RegisterProtectDisable
                0x0000000000000dc8       0x54 Build/synergy/ssp/src/bsp/mcu/all/bsp_register_protection.o
                0x0000000000000dc8                R_BSP_RegisterProtectDisable
 .text.bsp_register_protect_open
                0x0000000000000e1c       0x18 Build/synergy/ssp/src/bsp/mcu/all/bsp_register_protection.o
                0x0000000000000e1c                bsp_register_protect_open
 .text.r_bsp_get_mstp_mask
                0x0000000000000e34       0x4c Build/synergy/ssp/src/bsp/mcu/s7g2/bsp_module_stop.o
 .text.r_bsp_module_start_stop
                0x0000000000000e80       0x70 Build/synergy/ssp/src/bsp/mcu/s7g2/bsp_module_stop.o
 .text.R_BSP_ModuleStart
                0x0000000000000ef0        0xc Build/synergy/ssp/src/bsp/mcu/s7g2/bsp_module_stop.o
                0x0000000000000ef0                R_BSP_ModuleStart
 .text.bsp_group_interrupt_open
                0x0000000000000efc       0x18 Build/synergy/ssp/src/bsp/mcu/s7g2/bsp_group_irq.o
                0x0000000000000efc                bsp_group_interrupt_open
 .text.bsp_group_irq_call
                0x0000000000000f14       0x18 Build/synergy/ssp/src/bsp/mcu/s7g2/bsp_group_irq.o
                0x0000000000000f14                bsp_group_irq_call
 .text.R_BSP_GroupIrqWrite
                0x0000000000000f2c       0x1c Build/synergy/ssp/src/bsp/mcu/s7g2/bsp_group_irq.o
                0x0000000000000f2c                R_BSP_GroupIrqWrite
 .text.NMI_Handler
                0x0000000000000f48      0x1a0 Build/synergy/ssp/src/bsp/mcu/s7g2/bsp_group_irq.o
                0x0000000000000f48                NMI_Handler
 .text.R_BSP_FeatureIoportGet
                0x00000000000010e8        0xa Build/synergy/ssp/src/bsp/mcu/s7g2/bsp_feature.o
                0x00000000000010e8                R_BSP_FeatureIoportGet
 *fill*         0x00000000000010f2        0x2 ff
 .text.R_BSP_FeatureCgcGet
                0x00000000000010f4        0xc Build/synergy/ssp/src/bsp/mcu/s7g2/bsp_feature.o
                0x00000000000010f4                R_BSP_FeatureCgcGet
 .text.bsp_clock_set_prechange
                0x0000000000001100       0xa0 Build/synergy/ssp/src/bsp/mcu/s7g2/bsp_clocks.o
 .text.bsp_clock_set_postchange
                0x00000000000011a0       0x7c Build/synergy/ssp/src/bsp/mcu/s7g2/bsp_clocks.o
 .text.bsp_clock_init
                0x000000000000121c       0xa8 Build/synergy/ssp/src/bsp/mcu/s7g2/bsp_clocks.o
                0x000000000000121c                bsp_clock_init
 .text.bsp_cpu_clock_get
                0x00000000000012c4       0x20 Build/synergy/ssp/src/bsp/mcu/s7g2/bsp_clocks.o
                0x00000000000012c4                bsp_cpu_clock_get
 .text.bsp_clock_set_callback
                0x00000000000012e4       0x20 Build/synergy/ssp/src/bsp/mcu/s7g2/bsp_clocks.o
                0x00000000000012e4                bsp_clock_set_callback
 .text.R_BSP_CacheOff
                0x0000000000001304       0x28 Build/synergy/ssp/src/bsp/mcu/s7g2/bsp_cache.o
                0x0000000000001304                R_BSP_CacheOff
 .text.R_BSP_CacheSet
                0x000000000000132c       0x40 Build/synergy/ssp/src/bsp/mcu/s7g2/bsp_cache.o
                0x000000000000132c                R_BSP_CacheSet
 .text.R_CGC_LCDClockCfg
                0x000000000000136c        0x4 Build/synergy/ssp/src/driver/r_cgc/r_cgc.o
                0x000000000000136c                R_CGC_LCDClockCfg
 .text.R_CGC_LCDClockEnable
                0x0000000000001370        0x4 Build/synergy/ssp/src/driver/r_cgc/r_cgc.o
                0x0000000000001370                R_CGC_LCDClockEnable
 .text.R_CGC_LCDClockDisable
                0x0000000000001374        0x4 Build/synergy/ssp/src/driver/r_cgc/r_cgc.o
                0x0000000000001374                R_CGC_LCDClockDisable
 .text.R_CGC_SDADCClockCfg
                0x0000000000001378        0x4 Build/synergy/ssp/src/driver/r_cgc/r_cgc.o
                0x0000000000001378                R_CGC_SDADCClockCfg
 .text.R_CGC_SDADCClockEnable
                0x000000000000137c        0x4 Build/synergy/ssp/src/driver/r_cgc/r_cgc.o
                0x000000000000137c                R_CGC_SDADCClockEnable
 .text.R_CGC_SDADCClockDisable
                0x0000000000001380        0x4 Build/synergy/ssp/src/driver/r_cgc/r_cgc.o
                0x0000000000001380                R_CGC_SDADCClockDisable
 .text.R_CGC_VersionGet
                0x0000000000001384       0x14 Build/synergy/ssp/src/driver/r_cgc/r_cgc.o
                0x0000000000001384                R_CGC_VersionGet
 .text.r_cgc_check_peripheral_clocks
                0x0000000000001398       0x22 Build/synergy/ssp/src/driver/r_cgc/r_cgc.o
 .text.r_cgc_check_dividers
                0x00000000000013ba       0x4a Build/synergy/ssp/src/driver/r_cgc/r_cgc.o
 .text.r_cgc_check_config_dividers
                0x0000000000001404       0x4e Build/synergy/ssp/src/driver/r_cgc/r_cgc.o
 *fill*         0x0000000000001452        0x2 ff
 .text.r_cgc_hw_init
                0x0000000000001454       0x28 Build/synergy/ssp/src/driver/r_cgc/r_cgc.o
 .text.r_cgc_clock_check
                0x000000000000147c       0x2c Build/synergy/ssp/src/driver/r_cgc/r_cgc.o
 .text.r_cgc_pll_clocksource_get
                0x00000000000014a8       0x28 Build/synergy/ssp/src/driver/r_cgc/r_cgc.o
 .text.r_cgc_pll_multiplier_get
                0x00000000000014d0       0x58 Build/synergy/ssp/src/driver/r_cgc/r_cgc.o
 .text.r_cgc_pll_divider_get
                0x0000000000001528       0x44 Build/synergy/ssp/src/driver/r_cgc/r_cgc.o
 .text.r_cgc_init_pllfreq
                0x000000000000156c       0x80 Build/synergy/ssp/src/driver/r_cgc/r_cgc.o
 .text.r_cgc_system_dividers_get
                0x00000000000015ec       0x3a Build/synergy/ssp/src/driver/r_cgc/r_cgc.o
 *fill*         0x0000000000001626        0x2 ff
 .text.R_CGC_SystemClockGet
                0x0000000000001628       0x2c Build/synergy/ssp/src/driver/r_cgc/r_cgc.o
                0x0000000000001628                R_CGC_SystemClockGet
 .text.r_cgc_clockcfg_valid_check
                0x0000000000001654       0x64 Build/synergy/ssp/src/driver/r_cgc/r_cgc.o
 .text.r_cgc_clock_divider_get
                0x00000000000016b8       0x4c Build/synergy/ssp/src/driver/r_cgc/r_cgc.o
 .text.r_cgc_clock_hzget
                0x0000000000001704       0x24 Build/synergy/ssp/src/driver/r_cgc/r_cgc.o
 .text.r_cgc_delay_cycles
                0x0000000000001728       0x2c Build/synergy/ssp/src/driver/r_cgc/r_cgc.o
 .text.R_CGC_SystemClockFreqGet
                0x0000000000001754       0x3c Build/synergy/ssp/src/driver/r_cgc/r_cgc.o
                0x0000000000001754                R_CGC_SystemClockFreqGet
 .text.r_cgc_clockhz_calculate
                0x0000000000001790       0x10 Build/synergy/ssp/src/driver/r_cgc/r_cgc.o
 .text.r_cgc_systick_update
                0x00000000000017a0       0x4c Build/synergy/ssp/src/driver/r_cgc/r_cgc.o
 .text.r_cgc_clock_stop
                0x00000000000017ec       0x74 Build/synergy/ssp/src/driver/r_cgc/r_cgc.o
 .text.r_cgc_subclock_drive_set
                0x0000000000001860       0x48 Build/synergy/ssp/src/driver/r_cgc/r_cgc.o
 .text.r_cgc_main_clock_drive_set
                0x00000000000018a8       0x40 Build/synergy/ssp/src/driver/r_cgc/r_cgc.o
 .text.r_cgc_mainosc_source_set
                0x00000000000018e8       0x20 Build/synergy/ssp/src/driver/r_cgc/r_cgc.o
 .text.r_cgc_clock_wait_set
                0x0000000000001908       0x20 Build/synergy/ssp/src/driver/r_cgc/r_cgc.o
 .text.r_cgc_pll_clocksource_set
                0x0000000000001928       0x2a Build/synergy/ssp/src/driver/r_cgc/r_cgc.o
 *fill*         0x0000000000001952        0x2 ff
 .text.r_cgc_pll_divider_set
                0x0000000000001954       0x70 Build/synergy/ssp/src/driver/r_cgc/r_cgc.o
 .text.r_cgc_pll_multiplier_set
                0x00000000000019c4       0x80 Build/synergy/ssp/src/driver/r_cgc/r_cgc.o
 .text.r_cgc_clock_start
                0x0000000000001a44       0x74 Build/synergy/ssp/src/driver/r_cgc/r_cgc.o
 .text.r_cgc_clock_source_set
                0x0000000000001ab8       0x20 Build/synergy/ssp/src/driver/r_cgc/r_cgc.o
 .text.r_cgc_system_dividers_set
                0x0000000000001ad8       0x5c Build/synergy/ssp/src/driver/r_cgc/r_cgc.o
 .text.r_cgc_oscstop_detect_enable
                0x0000000000001b34       0x2a Build/synergy/ssp/src/driver/r_cgc/r_cgc.o
 .text.r_cgc_oscstop_detect_disable
                0x0000000000001b5e       0x2a Build/synergy/ssp/src/driver/r_cgc/r_cgc.o
 .text.r_cgc_oscstop_status_clear
                0x0000000000001b88       0x2c Build/synergy/ssp/src/driver/r_cgc/r_cgc.o
 .text.R_CGC_OscStopStatusClear
                0x0000000000001bb4       0x5c Build/synergy/ssp/src/driver/r_cgc/r_cgc.o
                0x0000000000001bb4                R_CGC_OscStopStatusClear
 .text.R_CGC_BusClockOutCfg
                0x0000000000001c10       0x28 Build/synergy/ssp/src/driver/r_cgc/r_cgc.o
                0x0000000000001c10                R_CGC_BusClockOutCfg
 .text.R_CGC_BusClockOutEnable
                0x0000000000001c38       0x28 Build/synergy/ssp/src/driver/r_cgc/r_cgc.o
                0x0000000000001c38                R_CGC_BusClockOutEnable
 .text.R_CGC_BusClockOutDisable
                0x0000000000001c60       0x28 Build/synergy/ssp/src/driver/r_cgc/r_cgc.o
                0x0000000000001c60                R_CGC_BusClockOutDisable
 .text.r_cgc_clockout_cfg
                0x0000000000001c88       0x3a Build/synergy/ssp/src/driver/r_cgc/r_cgc.o
 .text.r_cgc_clockout_enable
                0x0000000000001cc2       0x1e Build/synergy/ssp/src/driver/r_cgc/r_cgc.o
 .text.R_CGC_ClockOutEnable
                0x0000000000001ce0       0x14 Build/synergy/ssp/src/driver/r_cgc/r_cgc.o
                0x0000000000001ce0                R_CGC_ClockOutEnable
 .text.r_cgc_clockout_disable
                0x0000000000001cf4       0x1e Build/synergy/ssp/src/driver/r_cgc/r_cgc.o
 *fill*         0x0000000000001d12        0x2 ff
 .text.R_CGC_ClockOutDisable
                0x0000000000001d14       0x14 Build/synergy/ssp/src/driver/r_cgc/r_cgc.o
                0x0000000000001d14                R_CGC_ClockOutDisable
 .text.R_CGC_SDRAMClockOutEnable
                0x0000000000001d28       0x28 Build/synergy/ssp/src/driver/r_cgc/r_cgc.o
                0x0000000000001d28                R_CGC_SDRAMClockOutEnable
 .text.R_CGC_SDRAMClockOutDisable
                0x0000000000001d50       0x28 Build/synergy/ssp/src/driver/r_cgc/r_cgc.o
                0x0000000000001d50                R_CGC_SDRAMClockOutDisable
 .text.R_CGC_USBClockCfg
                0x0000000000001d78       0x28 Build/synergy/ssp/src/driver/r_cgc/r_cgc.o
                0x0000000000001d78                R_CGC_USBClockCfg
 .text.R_CGC_SystickUpdate
                0x0000000000001da0       0x54 Build/synergy/ssp/src/driver/r_cgc/r_cgc.o
                0x0000000000001da0                R_CGC_SystickUpdate
 .text.r_cgc_clock_run_state_get
                0x0000000000001df4       0x7e Build/synergy/ssp/src/driver/r_cgc/r_cgc.o
                0x0000000000001df4                r_cgc_clock_run_state_get
 *fill*         0x0000000000001e72        0x2 ff
 .text.r_cgc_wait_to_complete
                0x0000000000001e74       0x4c Build/synergy/ssp/src/driver/r_cgc/r_cgc.o
 .text.r_cgc_subosc_mode_possible
                0x0000000000001ec0       0x50 Build/synergy/ssp/src/driver/r_cgc/r_cgc.o
 .text.r_cgc_low_speed_mode_possible
                0x0000000000001f10       0x18 Build/synergy/ssp/src/driver/r_cgc/r_cgc.o
 .text.R_CGC_ClockStop
                0x0000000000001f28       0x98 Build/synergy/ssp/src/driver/r_cgc/r_cgc.o
                0x0000000000001f28                R_CGC_ClockStop
 .text.r_cgc_clock_running_status_check
                0x0000000000001fc0       0x3c Build/synergy/ssp/src/driver/r_cgc/r_cgc.o
 .text.R_CGC_ClockCheck
                0x0000000000001ffc       0x6c Build/synergy/ssp/src/driver/r_cgc/r_cgc.o
                0x0000000000001ffc                R_CGC_ClockCheck
 .text.r_cgc_stabilization_wait
                0x0000000000002068       0x3a Build/synergy/ssp/src/driver/r_cgc/r_cgc.o
 *fill*         0x00000000000020a2        0x2 ff
 .text.R_CGC_ClockOutCfg
                0x00000000000020a4       0x3c Build/synergy/ssp/src/driver/r_cgc/r_cgc.o
                0x00000000000020a4                R_CGC_ClockOutCfg
 .text.r_cgc_operating_mode_get
                0x00000000000020e0       0x18 Build/synergy/ssp/src/driver/r_cgc/r_cgc.o
                0x00000000000020e0                r_cgc_operating_mode_get
 .text.R_CGC_OscStopDetect
                0x00000000000020f8       0x94 Build/synergy/ssp/src/driver/r_cgc/r_cgc.o
                0x00000000000020f8                R_CGC_OscStopDetect
 .text.r_cgc_operating_hw_modeset
                0x000000000000218c      0x116 Build/synergy/ssp/src/driver/r_cgc/r_cgc.o
                0x000000000000218c                r_cgc_operating_hw_modeset
 *fill*         0x00000000000022a2        0x2 ff
 .text.r_cgc_operating_mode_set
                0x00000000000022a4       0x44 Build/synergy/ssp/src/driver/r_cgc/r_cgc.o
 .text.r_cgc_adjust_subosc_speed_mode
                0x00000000000022e8       0x20 Build/synergy/ssp/src/driver/r_cgc/r_cgc.o
 .text.r_cgc_prepare_pll_clock
                0x0000000000002308       0x68 Build/synergy/ssp/src/driver/r_cgc/r_cgc.o
 .text.R_CGC_ClockStart
                0x0000000000002370       0xd4 Build/synergy/ssp/src/driver/r_cgc/r_cgc.o
                0x0000000000002370                R_CGC_ClockStart
 .text.r_cgc_clock_start_stop
                0x0000000000002444       0x56 Build/synergy/ssp/src/driver/r_cgc/r_cgc.o
 .text.r_cgc_apply_start_stop_options
                0x000000000000249a       0x46 Build/synergy/ssp/src/driver/r_cgc/r_cgc.o
 .text.R_CGC_SystemClockSet
                0x00000000000024e0      0x114 Build/synergy/ssp/src/driver/r_cgc/r_cgc.o
                0x00000000000024e0                R_CGC_SystemClockSet
 .text.R_CGC_ClocksCfg
                0x00000000000025f4       0xf2 Build/synergy/ssp/src/driver/r_cgc/r_cgc.o
                0x00000000000025f4                R_CGC_ClocksCfg
 .text.r_cgc_hoco_wait_control_set
                0x00000000000026e6       0x20 Build/synergy/ssp/src/driver/r_cgc/r_cgc.o
                0x00000000000026e6                r_cgc_hoco_wait_control_set
 *fill*         0x0000000000002706        0x2 ff
 .text.R_CGC_Init
                0x0000000000002708       0xb4 Build/synergy/ssp/src/driver/r_cgc/r_cgc.o
                0x0000000000002708                R_CGC_Init
 .text.R_ELC_SoftwareEventGenerate
                0x00000000000027bc       0x34 Build/synergy/ssp/src/driver/r_elc/r_elc.o
                0x00000000000027bc                R_ELC_SoftwareEventGenerate
 .text.R_ELC_LinkSet
                0x00000000000027f0       0x14 Build/synergy/ssp/src/driver/r_elc/r_elc.o
                0x00000000000027f0                R_ELC_LinkSet
 .text.R_ELC_LinkBreak
                0x0000000000002804       0x14 Build/synergy/ssp/src/driver/r_elc/r_elc.o
                0x0000000000002804                R_ELC_LinkBreak
 .text.R_ELC_Enable
                0x0000000000002818       0x14 Build/synergy/ssp/src/driver/r_elc/r_elc.o
                0x0000000000002818                R_ELC_Enable
 .text.R_ELC_Disable
                0x000000000000282c       0x14 Build/synergy/ssp/src/driver/r_elc/r_elc.o
                0x000000000000282c                R_ELC_Disable
 .text.R_ELC_VersionGet
                0x0000000000002840       0x14 Build/synergy/ssp/src/driver/r_elc/r_elc.o
                0x0000000000002840                R_ELC_VersionGet
 .text.R_ELC_Init
                0x0000000000002854       0x78 Build/synergy/ssp/src/driver/r_elc/r_elc.o
                0x0000000000002854                R_ELC_Init
 .text.R_IOPORT_VersionGet
                0x00000000000028cc       0x16 Build/synergy/ssp/src/driver/r_ioport/r_ioport.o
                0x00000000000028cc                R_IOPORT_VersionGet
 *fill*         0x00000000000028e2        0x2 ff
 .text.r_ioport_pin_exists
                0x00000000000028e4       0x34 Build/synergy/ssp/src/driver/r_ioport/r_ioport.o
 .text.R_IOPORT_PinRead
                0x0000000000002918       0x38 Build/synergy/ssp/src/driver/r_ioport/r_ioport.o
                0x0000000000002918                R_IOPORT_PinRead
 .text.R_IOPORT_PinWrite
                0x0000000000002950       0x3c Build/synergy/ssp/src/driver/r_ioport/r_ioport.o
                0x0000000000002950                R_IOPORT_PinWrite
 .text.R_IOPORT_PinDirectionSet
                0x000000000000298c       0xc8 Build/synergy/ssp/src/driver/r_ioport/r_ioport.o
                0x000000000000298c                R_IOPORT_PinDirectionSet
 .text.R_IOPORT_PinEventInputRead
                0x0000000000002a54       0x40 Build/synergy/ssp/src/driver/r_ioport/r_ioport.o
                0x0000000000002a54                R_IOPORT_PinEventInputRead
 .text.R_IOPORT_PinEventOutputWrite
                0x0000000000002a94       0x64 Build/synergy/ssp/src/driver/r_ioport/r_ioport.o
                0x0000000000002a94                R_IOPORT_PinEventOutputWrite
 .text.r_ioport_port_exists
                0x0000000000002af8       0x18 Build/synergy/ssp/src/driver/r_ioport/r_ioport.o
 .text.R_IOPORT_PortRead
                0x0000000000002b10       0x28 Build/synergy/ssp/src/driver/r_ioport/r_ioport.o
                0x0000000000002b10                R_IOPORT_PortRead
 .text.R_IOPORT_PortWrite
                0x0000000000002b38       0x34 Build/synergy/ssp/src/driver/r_ioport/r_ioport.o
                0x0000000000002b38                R_IOPORT_PortWrite
 .text.R_IOPORT_PortDirectionSet
                0x0000000000002b6c       0x3c Build/synergy/ssp/src/driver/r_ioport/r_ioport.o
                0x0000000000002b6c                R_IOPORT_PortDirectionSet
 .text.R_IOPORT_PortEventInputRead
                0x0000000000002ba8       0x28 Build/synergy/ssp/src/driver/r_ioport/r_ioport.o
                0x0000000000002ba8                R_IOPORT_PortEventInputRead
 .text.R_IOPORT_PortEventOutputWrite
                0x0000000000002bd0       0x34 Build/synergy/ssp/src/driver/r_ioport/r_ioport.o
                0x0000000000002bd0                R_IOPORT_PortEventOutputWrite
 .text.bsp_vbatt_init
                0x0000000000002c04       0x7c Build/synergy/ssp/src/driver/r_ioport/r_ioport.o
 .text.R_IOPORT_EthernetModeCfg
                0x0000000000002c80       0x64 Build/synergy/ssp/src/driver/r_ioport/r_ioport.o
                0x0000000000002c80                R_IOPORT_EthernetModeCfg
 .text.R_IOPORT_PinsCfg
                0x0000000000002ce4       0xc8 Build/synergy/ssp/src/driver/r_ioport/r_ioport.o
                0x0000000000002ce4                R_IOPORT_PinsCfg
 .text.R_IOPORT_Init
                0x0000000000002dac       0x7c Build/synergy/ssp/src/driver/r_ioport/r_ioport.o
                0x0000000000002dac                R_IOPORT_Init
 .text.R_IOPORT_PinCfg
                0x0000000000002e28       0xb8 Build/synergy/ssp/src/driver/r_ioport/r_ioport.o
                0x0000000000002e28                R_IOPORT_PinCfg
 .text.R_FMI_ProductInfoGet
                0x0000000000002ee0       0x34 /home/nicko/work/Renesas-SK-S7G2_devel/synergy/ssp/src/driver/r_fmi/libs/libfmi_cm4_s7g2_gcc.a(r_fmi.o)
 .text.R_FMI_VersionGet
                0x0000000000002f14       0x10 /home/nicko/work/Renesas-SK-S7G2_devel/synergy/ssp/src/driver/r_fmi/libs/libfmi_cm4_s7g2_gcc.a(r_fmi.o)
 .text.R_FMI_UniqueIdGet
                0x0000000000002f24       0x40 /home/nicko/work/Renesas-SK-S7G2_devel/synergy/ssp/src/driver/r_fmi/libs/libfmi_cm4_s7g2_gcc.a(r_fmi.o)
 .text.R_FMI_EventInfoGet
                0x0000000000002f64       0x8c /home/nicko/work/Renesas-SK-S7G2_devel/synergy/ssp/src/driver/r_fmi/libs/libfmi_cm4_s7g2_gcc.a(r_fmi.o)
 .text.R_FMI_Init
                0x0000000000002ff0       0x90 /home/nicko/work/Renesas-SK-S7G2_devel/synergy/ssp/src/driver/r_fmi/libs/libfmi_cm4_s7g2_gcc.a(r_fmi.o)
 .text.R_FMI_FeatureGet
                0x0000000000003080      0x238 /home/nicko/work/Renesas-SK-S7G2_devel/synergy/ssp/src/driver/r_fmi/libs/libfmi_cm4_s7g2_gcc.a(r_fmi.o)
 .text          0x00000000000032b8        0xc /usr/lib/gcc/arm-none-eabi/9.2.1/../../../arm-none-eabi/lib/thumb/v7e-m+fp/hard/libc.a(lib_a-atexit.o)
                0x00000000000032b8                atexit
 .text          0x00000000000032c4       0x34 /usr/lib/gcc/arm-none-eabi/9.2.1/../../../arm-none-eabi/lib/thumb/v7e-m+fp/hard/libc.a(lib_a-fini.o)
                0x00000000000032c4                __libc_fini_array
 .text          0x00000000000032f8       0x4c /usr/lib/gcc/arm-none-eabi/9.2.1/../../../arm-none-eabi/lib/thumb/v7e-m+fp/hard/libc.a(lib_a-rand.o)
                0x00000000000032f8                srand
                0x0000000000003308                rand
 .text          0x0000000000003344       0x68 /usr/lib/gcc/arm-none-eabi/9.2.1/../../../arm-none-eabi/lib/thumb/v7e-m+fp/hard/libc.a(lib_a-__atexit.o)
                0x0000000000003344                __register_exitproc
 .text.startup  0x00000000000033ac       0x14 /usr/lib/gcc/arm-none-eabi/9.2.1/../../../arm-none-eabi/lib/thumb/v7e-m+fp/hard/libc.a(lib_a-__call_atexit.o)
 *(.version)
 .version       0x00000000000033c0       0x7c Build/synergy/ssp/src/bsp/mcu/all/bsp_common.o
 *(.init)
 .init          0x000000000000343c        0x4 /usr/lib/gcc/arm-none-eabi/9.2.1/thumb/v7e-m+fp/hard/crti.o
                0x000000000000343c                _init
 .init          0x0000000000003440        0x8 /usr/lib/gcc/arm-none-eabi/9.2.1/thumb/v7e-m+fp/hard/crtn.o
 *(.fini)
 .fini          0x0000000000003448        0x4 /usr/lib/gcc/arm-none-eabi/9.2.1/thumb/v7e-m+fp/hard/crti.o
                0x0000000000003448                _fini
 .fini          0x000000000000344c        0x8 /usr/lib/gcc/arm-none-eabi/9.2.1/thumb/v7e-m+fp/hard/crtn.o
 *crtbegin.o(.ctors)
 *crtbegin?.o(.ctors)
 *(EXCLUDE_FILE(*crtend.o *crtend?.o) .ctors)
 *(SORT_BY_NAME(.ctors.*))
 *(.ctors)
 *crtbegin.o(.dtors)
 *crtbegin?.o(.dtors)
 *(EXCLUDE_FILE(*crtend.o *crtend?.o) .dtors)
 *(SORT_BY_NAME(.dtors.*))
 *(.dtors)
 *(.rodata*)
 .rodata.g_ioport
                0x0000000000003454        0x8 Build/src/synergy_gen/common_data.o
                0x0000000000003454                g_ioport
 .rodata.g_bsp_pin_cfg
                0x000000000000345c        0x8 Build/src/synergy_gen/pin_data.o
                0x000000000000345c                g_bsp_pin_cfg
 .rodata.g_bsp_pin_cfg_data
                0x0000000000003464      0x370 Build/src/synergy_gen/pin_data.o
                0x0000000000003464                g_bsp_pin_cfg_data
 .rodata.g_bsp_leds
                0x00000000000037d4        0x8 Build/synergy/board/s7g2_sk/bsp_leds.o
                0x00000000000037d4                g_bsp_leds
 .rodata.g_bsp_prv_leds
                0x00000000000037dc        0x6 Build/synergy/board/s7g2_sk/bsp_leds.o
 *fill*         0x00000000000037e2        0x2 ff
 .rodata.g_elc_cfg
                0x00000000000037e4        0xc Build/synergy/ssp/src/bsp/cmsis/Device/RENESAS/S7G2/Source/system_S7G2.o
 .rodata.gp_vector_information
                0x00000000000037f0        0x4 Build/synergy/ssp/src/bsp/mcu/all/bsp_irq.o
                0x00000000000037f0                gp_vector_information
 .rodata.g_prcr_masks
                0x00000000000037f4        0x6 Build/synergy/ssp/src/bsp/mcu/all/bsp_register_protection.o
 *fill*         0x00000000000037fa        0x2 ff
 .rodata.g_bsp_module_stop
                0x00000000000037fc       0x46 Build/synergy/ssp/src/bsp/mcu/s7g2/bsp_module_stop.o
 *fill*         0x0000000000003842        0x2 ff
 .rodata.gp_mstp
                0x0000000000003844       0x10 Build/synergy/ssp/src/bsp/mcu/s7g2/bsp_module_stop.o
 .rodata.g_cgc_feature
                0x0000000000003854       0x2c Build/synergy/ssp/src/bsp/mcu/s7g2/bsp_feature.o
 .rodata.g_cgc_on_cgc
                0x0000000000003880       0x6c Build/synergy/ssp/src/driver/r_cgc/r_cgc.o
                0x0000000000003880                g_cgc_on_cgc
 .rodata.g_cgc_version
                0x00000000000038ec        0x4 Build/synergy/ssp/src/driver/r_cgc/r_cgc.o
 .rodata.g_pllccr2_div_setting
                0x00000000000038f0        0x8 Build/synergy/ssp/src/driver/r_cgc/r_cgc.o
 .rodata.g_pllccr2_div_value
                0x00000000000038f8        0x6 Build/synergy/ssp/src/driver/r_cgc/r_cgc.o
 *fill*         0x00000000000038fe        0x2 ff
 .rodata.g_pllccr_div_setting
                0x0000000000003900        0x6 Build/synergy/ssp/src/driver/r_cgc/r_cgc.o
 *fill*         0x0000000000003906        0x2 ff
 .rodata.g_pllccr_div_value
                0x0000000000003908        0x6 Build/synergy/ssp/src/driver/r_cgc/r_cgc.o
 *fill*         0x000000000000390e        0x2 ff
 .rodata.g_elc_on_elc
                0x0000000000003910       0x1c Build/synergy/ssp/src/driver/r_elc/r_elc.o
                0x0000000000003910                g_elc_on_elc
 .rodata.s_elc_version
                0x000000000000392c        0x4 Build/synergy/ssp/src/driver/r_elc/r_elc.o
 .rodata.g_ioport_on_ioport
                0x0000000000003930       0x3c Build/synergy/ssp/src/driver/r_ioport/r_ioport.o
                0x0000000000003930                g_ioport_on_ioport
 .rodata.g_vbatt_pins_input
                0x000000000000396c        0x6 Build/synergy/ssp/src/driver/r_ioport/r_ioport.o
 *fill*         0x0000000000003972        0x2 ff
 .rodata.bit_count
                0x0000000000003974       0x80 /home/nicko/work/Renesas-SK-S7G2_devel/synergy/ssp/src/driver/r_fmi/libs/libfmi_cm4_s7g2_gcc.a(r_fmi.o)
 .rodata.bit_count_mask
                0x00000000000039f4        0x8 /home/nicko/work/Renesas-SK-S7G2_devel/synergy/ssp/src/driver/r_fmi/libs/libfmi_cm4_s7g2_gcc.a(r_fmi.o)
 .rodata.g_fmi_on_fmi
                0x00000000000039fc       0x18 /home/nicko/work/Renesas-SK-S7G2_devel/synergy/ssp/src/driver/r_fmi/libs/libfmi_cm4_s7g2_gcc.a(r_fmi.o)
                0x00000000000039fc                g_fmi_on_fmi
 .rodata.g_fmi_data
                0x0000000000003a14      0x400 /home/nicko/work/Renesas-SK-S7G2_devel/synergy/ssp/src/bsp/mcu/s7g2/libfmi_R7FS7G27H3A01CFC_gcc.a(bsp_fmi_R7FS7G27H3A01CFC.o)
                0x0000000000003a14                g_fmi_data
 .rodata        0x0000000000003e14        0x4 /usr/lib/gcc/arm-none-eabi/9.2.1/../../../arm-none-eabi/lib/thumb/v7e-m+fp/hard/libc.a(lib_a-impure.o)
                0x0000000000003e14                _global_impure_ptr
                0x0000000000003e18                __usb_dev_descriptor_start_fs = .
 *(.usb_device_desc_fs*)
                0x0000000000003e18                __usb_cfg_descriptor_start_fs = .
 *(.usb_config_desc_fs*)
                0x0000000000003e18                __usb_interface_descriptor_start_fs = .
 *(.usb_interface_desc_fs*)
                0x0000000000003e18                __usb_descriptor_end_fs = .
                0x0000000000003e18                __usb_dev_descriptor_start_hs = .
 *(.usb_device_desc_hs*)
                0x0000000000003e18                __usb_cfg_descriptor_start_hs = .
 *(.usb_config_desc_hs*)
                0x0000000000003e18                __usb_interface_descriptor_start_hs = .
 *(.usb_interface_desc_hs*)
                0x0000000000003e18                __usb_descriptor_end_hs = .
 *(.eh_frame*)
 .eh_frame      0x0000000000003e18        0x0 /usr/lib/gcc/arm-none-eabi/9.2.1/thumb/v7e-m+fp/hard/crtbegin.o
 .eh_frame      0x0000000000003e18        0x4 /usr/lib/gcc/arm-none-eabi/9.2.1/thumb/v7e-m+fp/hard/crtend.o
                0x0000000000003e1c                __ROM_End = .
                0x0000000000000040                __Vectors_Size = (__Vectors_End - __Vectors)
                0x0000000000000000                __Vector_Info_Size = (__Vector_Info_End - __Vector_Info_Start)
                0x00000000000001b0                __Lock_Lookup_Size = (__Lock_Lookup_End - __Lock_Lookup_Start)

.glue_7         0x0000000000003e1c        0x0
 .glue_7        0x0000000000003e1c        0x0 linker stubs

.glue_7t        0x0000000000003e1c        0x0
 .glue_7t       0x0000000000003e1c        0x0 linker stubs

.vfp11_veneer   0x0000000000003e1c        0x0
 .vfp11_veneer  0x0000000000003e1c        0x0 linker stubs

.v4_bx          0x0000000000003e1c        0x0
 .v4_bx         0x0000000000003e1c        0x0 linker stubs

.iplt           0x0000000000003e1c        0x0
 .iplt          0x0000000000003e1c        0x0 /usr/lib/gcc/arm-none-eabi/9.2.1/thumb/v7e-m+fp/hard/crtbegin.o

.ARM.extab
 *(.ARM.extab* .gnu.linkonce.armextab.*)
                0x0000000000003e1c                __exidx_start = .

.ARM.exidx
 *(.ARM.exidx* .gnu.linkonce.armexidx.*)
                0x0000000000003e1c                __exidx_end = .
                0x0000000000003e1c                __etext = .

.ssp_dtc_vector_table
                0x000000001ffe0000        0x0
                0x000000001ffe0000                . = ORIGIN (RAM)
 *(.ssp_dtc_vector_table)

.data           0x000000001ffe0000      0x4a8 load address 0x0000000000003e1c
                0x000000001ffe0000                __data_start__ = .
 *(vtable)
 *(.data*)
 .data          0x000000001ffe0000      0x430 /usr/lib/gcc/arm-none-eabi/9.2.1/../../../arm-none-eabi/lib/thumb/v7e-m+fp/hard/libc.a(lib_a-impure.o)
                0x000000001ffe0000                _impure_ptr
                0x000000001ffe0430                . = ALIGN (0x4)
                0x000000001ffe0430                PROVIDE (__preinit_array_start = .)
 *(.preinit_array)
                0x000000001ffe0430                PROVIDE (__preinit_array_end = .)
                0x000000001ffe0430                . = ALIGN (0x4)
                0x000000001ffe0430                PROVIDE (__init_array_start = .)
 *(SORT_BY_NAME(.init_array.*))
 .init_array.00000
                0x000000001ffe0430        0x4 /usr/lib/gcc/arm-none-eabi/9.2.1/../../../arm-none-eabi/lib/thumb/v7e-m+fp/hard/libc.a(lib_a-__call_atexit.o)
 *(.init_array)
 .init_array    0x000000001ffe0434        0x4 /usr/lib/gcc/arm-none-eabi/9.2.1/thumb/v7e-m+fp/hard/crtbegin.o
                0x000000001ffe0438                PROVIDE (__init_array_end = .)
                0x000000001ffe0438                . = ALIGN (0x4)
                0x000000001ffe0438                PROVIDE (__fini_array_start = .)
 *(SORT_BY_NAME(.fini_array.*))
 *(.fini_array)
 .fini_array    0x000000001ffe0438        0x4 /usr/lib/gcc/arm-none-eabi/9.2.1/thumb/v7e-m+fp/hard/crtbegin.o
                0x000000001ffe043c                PROVIDE (__fini_array_end = .)
 *(.jcr*)
                0x000000001ffe043c                . = ALIGN (0x4)
                0x000000001ffe043c                __Code_In_RAM_Start = .
 *(.code_in_ram*)
                0x000000001ffe043c                __Code_In_RAM_End = .
                0x000000001ffe043c                __Lock_Start = .
 *(SORT_BY_NAME(.hw_lock*))
 .hw_lock.ADC_0U_0U
                0x000000001ffe043c        0x1 Build/synergy/ssp/src/bsp/mcu/s7g2/bsp_hw_locks.o
                0x000000001ffe043c                g_hw_lock_ADC_0U_0U
 .hw_lock.ADC_0U_1U
                0x000000001ffe043d        0x1 Build/synergy/ssp/src/bsp/mcu/s7g2/bsp_hw_locks.o
                0x000000001ffe043d                g_hw_lock_ADC_0U_1U
 .hw_lock.AGT_0U_0U
                0x000000001ffe043e        0x1 Build/synergy/ssp/src/bsp/mcu/s7g2/bsp_hw_locks.o
                0x000000001ffe043e                g_hw_lock_AGT_0U_0U
 .hw_lock.AGT_0U_1U
                0x000000001ffe043f        0x1 Build/synergy/ssp/src/bsp/mcu/s7g2/bsp_hw_locks.o
                0x000000001ffe043f                g_hw_lock_AGT_0U_1U
 .hw_lock.BSC_0U_1U
                0x000000001ffe0440        0x1 Build/synergy/ssp/src/bsp/mcu/s7g2/bsp_hw_locks.o
                0x000000001ffe0440                g_hw_lock_BSC_0U_1U
 .hw_lock.CAC_0U_0U
                0x000000001ffe0441        0x1 Build/synergy/ssp/src/bsp/mcu/s7g2/bsp_hw_locks.o
                0x000000001ffe0441                g_hw_lock_CAC_0U_0U
 .hw_lock.CAN_0U_0U
                0x000000001ffe0442        0x1 Build/synergy/ssp/src/bsp/mcu/s7g2/bsp_hw_locks.o
                0x000000001ffe0442                g_hw_lock_CAN_0U_0U
 .hw_lock.CAN_0U_1U
                0x000000001ffe0443        0x1 Build/synergy/ssp/src/bsp/mcu/s7g2/bsp_hw_locks.o
                0x000000001ffe0443                g_hw_lock_CAN_0U_1U
 .hw_lock.COMP_HS_0U_0U
                0x000000001ffe0444        0x1 Build/synergy/ssp/src/bsp/mcu/s7g2/bsp_hw_locks.o
                0x000000001ffe0444                g_hw_lock_COMP_HS_0U_0U
 .hw_lock.COMP_HS_0U_1U
                0x000000001ffe0445        0x1 Build/synergy/ssp/src/bsp/mcu/s7g2/bsp_hw_locks.o
                0x000000001ffe0445                g_hw_lock_COMP_HS_0U_1U
 .hw_lock.COMP_HS_0U_2U
                0x000000001ffe0446        0x1 Build/synergy/ssp/src/bsp/mcu/s7g2/bsp_hw_locks.o
                0x000000001ffe0446                g_hw_lock_COMP_HS_0U_2U
 .hw_lock.COMP_HS_0U_3U
                0x000000001ffe0447        0x1 Build/synergy/ssp/src/bsp/mcu/s7g2/bsp_hw_locks.o
                0x000000001ffe0447                g_hw_lock_COMP_HS_0U_3U
 .hw_lock.COMP_HS_0U_4U
                0x000000001ffe0448        0x1 Build/synergy/ssp/src/bsp/mcu/s7g2/bsp_hw_locks.o
                0x000000001ffe0448                g_hw_lock_COMP_HS_0U_4U
 .hw_lock.COMP_HS_0U_5U
                0x000000001ffe0449        0x1 Build/synergy/ssp/src/bsp/mcu/s7g2/bsp_hw_locks.o
                0x000000001ffe0449                g_hw_lock_COMP_HS_0U_5U
 .hw_lock.CRC_0U_0U
                0x000000001ffe044a        0x1 Build/synergy/ssp/src/bsp/mcu/s7g2/bsp_hw_locks.o
                0x000000001ffe044a                g_hw_lock_CRC_0U_0U
 .hw_lock.CTSU_0U_0U
                0x000000001ffe044b        0x1 Build/synergy/ssp/src/bsp/mcu/s7g2/bsp_hw_locks.o
                0x000000001ffe044b                g_hw_lock_CTSU_0U_0U
 .hw_lock.DAAD_0U_0U
                0x000000001ffe044c        0x1 Build/synergy/ssp/src/bsp/mcu/s7g2/bsp_hw_locks.o
                0x000000001ffe044c                g_hw_lock_DAAD_0U_0U
 .hw_lock.DAC_0U_0U
                0x000000001ffe044d        0x1 Build/synergy/ssp/src/bsp/mcu/s7g2/bsp_hw_locks.o
                0x000000001ffe044d                g_hw_lock_DAC_0U_0U
 .hw_lock.DAC_0U_1U
                0x000000001ffe044e        0x1 Build/synergy/ssp/src/bsp/mcu/s7g2/bsp_hw_locks.o
                0x000000001ffe044e                g_hw_lock_DAC_0U_1U
 .hw_lock.DMAC_0U_0U
                0x000000001ffe044f        0x1 Build/synergy/ssp/src/bsp/mcu/s7g2/bsp_hw_locks.o
                0x000000001ffe044f                g_hw_lock_DMAC_0U_0U
 .hw_lock.DMAC_0U_1U
                0x000000001ffe0450        0x1 Build/synergy/ssp/src/bsp/mcu/s7g2/bsp_hw_locks.o
                0x000000001ffe0450                g_hw_lock_DMAC_0U_1U
 .hw_lock.DMAC_0U_2U
                0x000000001ffe0451        0x1 Build/synergy/ssp/src/bsp/mcu/s7g2/bsp_hw_locks.o
                0x000000001ffe0451                g_hw_lock_DMAC_0U_2U
 .hw_lock.DMAC_0U_3U
                0x000000001ffe0452        0x1 Build/synergy/ssp/src/bsp/mcu/s7g2/bsp_hw_locks.o
                0x000000001ffe0452                g_hw_lock_DMAC_0U_3U
 .hw_lock.DMAC_0U_4U
                0x000000001ffe0453        0x1 Build/synergy/ssp/src/bsp/mcu/s7g2/bsp_hw_locks.o
                0x000000001ffe0453                g_hw_lock_DMAC_0U_4U
 .hw_lock.DMAC_0U_5U
                0x000000001ffe0454        0x1 Build/synergy/ssp/src/bsp/mcu/s7g2/bsp_hw_locks.o
                0x000000001ffe0454                g_hw_lock_DMAC_0U_5U
 .hw_lock.DMAC_0U_6U
                0x000000001ffe0455        0x1 Build/synergy/ssp/src/bsp/mcu/s7g2/bsp_hw_locks.o
                0x000000001ffe0455                g_hw_lock_DMAC_0U_6U
 .hw_lock.DMAC_0U_7U
                0x000000001ffe0456        0x1 Build/synergy/ssp/src/bsp/mcu/s7g2/bsp_hw_locks.o
                0x000000001ffe0456                g_hw_lock_DMAC_0U_7U
 .hw_lock.DOC_0U_0U
                0x000000001ffe0457        0x1 Build/synergy/ssp/src/bsp/mcu/s7g2/bsp_hw_locks.o
                0x000000001ffe0457                g_hw_lock_DOC_0U_0U
 .hw_lock.DRW_0U_0U
                0x000000001ffe0458        0x1 Build/synergy/ssp/src/bsp/mcu/s7g2/bsp_hw_locks.o
                0x000000001ffe0458                g_hw_lock_DRW_0U_0U
 .hw_lock.DTC_0U_0U
                0x000000001ffe0459        0x1 Build/synergy/ssp/src/bsp/mcu/s7g2/bsp_hw_locks.o
                0x000000001ffe0459                g_hw_lock_DTC_0U_0U
 .hw_lock.ELC_0U_0U
                0x000000001ffe045a        0x1 Build/synergy/ssp/src/bsp/mcu/s7g2/bsp_hw_locks.o
                0x000000001ffe045a                g_hw_lock_ELC_0U_0U
 .hw_lock.EPTPC_0U_0U
                0x000000001ffe045b        0x1 Build/synergy/ssp/src/bsp/mcu/s7g2/bsp_hw_locks.o
                0x000000001ffe045b                g_hw_lock_EPTPC_0U_0U
 .hw_lock.ETHER_0U_0U
                0x000000001ffe045c        0x1 Build/synergy/ssp/src/bsp/mcu/s7g2/bsp_hw_locks.o
                0x000000001ffe045c                g_hw_lock_ETHER_0U_0U
 .hw_lock.ETHER_0U_1U
                0x000000001ffe045d        0x1 Build/synergy/ssp/src/bsp/mcu/s7g2/bsp_hw_locks.o
                0x000000001ffe045d                g_hw_lock_ETHER_0U_1U
 .hw_lock.FCU_0U_0U
                0x000000001ffe045e        0x1 Build/synergy/ssp/src/bsp/mcu/s7g2/bsp_hw_locks.o
                0x000000001ffe045e                g_hw_lock_FCU_0U_0U
 .hw_lock.GLCDC_0U_0U
                0x000000001ffe045f        0x1 Build/synergy/ssp/src/bsp/mcu/s7g2/bsp_hw_locks.o
                0x000000001ffe045f                g_hw_lock_GLCDC_0U_0U
 .hw_lock.GPT_0U_0U
                0x000000001ffe0460        0x1 Build/synergy/ssp/src/bsp/mcu/s7g2/bsp_hw_locks.o
                0x000000001ffe0460                g_hw_lock_GPT_0U_0U
 .hw_lock.GPT_0U_10U
                0x000000001ffe0461        0x1 Build/synergy/ssp/src/bsp/mcu/s7g2/bsp_hw_locks.o
                0x000000001ffe0461                g_hw_lock_GPT_0U_10U
 .hw_lock.GPT_0U_11U
                0x000000001ffe0462        0x1 Build/synergy/ssp/src/bsp/mcu/s7g2/bsp_hw_locks.o
                0x000000001ffe0462                g_hw_lock_GPT_0U_11U
 .hw_lock.GPT_0U_12U
                0x000000001ffe0463        0x1 Build/synergy/ssp/src/bsp/mcu/s7g2/bsp_hw_locks.o
                0x000000001ffe0463                g_hw_lock_GPT_0U_12U
 .hw_lock.GPT_0U_13U
                0x000000001ffe0464        0x1 Build/synergy/ssp/src/bsp/mcu/s7g2/bsp_hw_locks.o
                0x000000001ffe0464                g_hw_lock_GPT_0U_13U
 .hw_lock.GPT_0U_1U
                0x000000001ffe0465        0x1 Build/synergy/ssp/src/bsp/mcu/s7g2/bsp_hw_locks.o
                0x000000001ffe0465                g_hw_lock_GPT_0U_1U
 .hw_lock.GPT_0U_2U
                0x000000001ffe0466        0x1 Build/synergy/ssp/src/bsp/mcu/s7g2/bsp_hw_locks.o
                0x000000001ffe0466                g_hw_lock_GPT_0U_2U
 .hw_lock.GPT_0U_3U
                0x000000001ffe0467        0x1 Build/synergy/ssp/src/bsp/mcu/s7g2/bsp_hw_locks.o
                0x000000001ffe0467                g_hw_lock_GPT_0U_3U
 .hw_lock.GPT_0U_4U
                0x000000001ffe0468        0x1 Build/synergy/ssp/src/bsp/mcu/s7g2/bsp_hw_locks.o
                0x000000001ffe0468                g_hw_lock_GPT_0U_4U
 .hw_lock.GPT_0U_5U
                0x000000001ffe0469        0x1 Build/synergy/ssp/src/bsp/mcu/s7g2/bsp_hw_locks.o
                0x000000001ffe0469                g_hw_lock_GPT_0U_5U
 .hw_lock.GPT_0U_6U
                0x000000001ffe046a        0x1 Build/synergy/ssp/src/bsp/mcu/s7g2/bsp_hw_locks.o
                0x000000001ffe046a                g_hw_lock_GPT_0U_6U
 .hw_lock.GPT_0U_7U
                0x000000001ffe046b        0x1 Build/synergy/ssp/src/bsp/mcu/s7g2/bsp_hw_locks.o
                0x000000001ffe046b                g_hw_lock_GPT_0U_7U
 .hw_lock.GPT_0U_8U
                0x000000001ffe046c        0x1 Build/synergy/ssp/src/bsp/mcu/s7g2/bsp_hw_locks.o
                0x000000001ffe046c                g_hw_lock_GPT_0U_8U
 .hw_lock.GPT_0U_9U
                0x000000001ffe046d        0x1 Build/synergy/ssp/src/bsp/mcu/s7g2/bsp_hw_locks.o
                0x000000001ffe046d                g_hw_lock_GPT_0U_9U
 .hw_lock.ICU_0U_0U
                0x000000001ffe046e        0x1 Build/synergy/ssp/src/bsp/mcu/s7g2/bsp_hw_locks.o
                0x000000001ffe046e                g_hw_lock_ICU_0U_0U
 .hw_lock.ICU_0U_10U
                0x000000001ffe046f        0x1 Build/synergy/ssp/src/bsp/mcu/s7g2/bsp_hw_locks.o
                0x000000001ffe046f                g_hw_lock_ICU_0U_10U
 .hw_lock.ICU_0U_11U
                0x000000001ffe0470        0x1 Build/synergy/ssp/src/bsp/mcu/s7g2/bsp_hw_locks.o
                0x000000001ffe0470                g_hw_lock_ICU_0U_11U
 .hw_lock.ICU_0U_12U
                0x000000001ffe0471        0x1 Build/synergy/ssp/src/bsp/mcu/s7g2/bsp_hw_locks.o
                0x000000001ffe0471                g_hw_lock_ICU_0U_12U
 .hw_lock.ICU_0U_13U
                0x000000001ffe0472        0x1 Build/synergy/ssp/src/bsp/mcu/s7g2/bsp_hw_locks.o
                0x000000001ffe0472                g_hw_lock_ICU_0U_13U
 .hw_lock.ICU_0U_14U
                0x000000001ffe0473        0x1 Build/synergy/ssp/src/bsp/mcu/s7g2/bsp_hw_locks.o
                0x000000001ffe0473                g_hw_lock_ICU_0U_14U
 .hw_lock.ICU_0U_15U
                0x000000001ffe0474        0x1 Build/synergy/ssp/src/bsp/mcu/s7g2/bsp_hw_locks.o
                0x000000001ffe0474                g_hw_lock_ICU_0U_15U
 .hw_lock.ICU_0U_1U
                0x000000001ffe0475        0x1 Build/synergy/ssp/src/bsp/mcu/s7g2/bsp_hw_locks.o
                0x000000001ffe0475                g_hw_lock_ICU_0U_1U
 .hw_lock.ICU_0U_2U
                0x000000001ffe0476        0x1 Build/synergy/ssp/src/bsp/mcu/s7g2/bsp_hw_locks.o
                0x000000001ffe0476                g_hw_lock_ICU_0U_2U
 .hw_lock.ICU_0U_3U
                0x000000001ffe0477        0x1 Build/synergy/ssp/src/bsp/mcu/s7g2/bsp_hw_locks.o
                0x000000001ffe0477                g_hw_lock_ICU_0U_3U
 .hw_lock.ICU_0U_4U
                0x000000001ffe0478        0x1 Build/synergy/ssp/src/bsp/mcu/s7g2/bsp_hw_locks.o
                0x000000001ffe0478                g_hw_lock_ICU_0U_4U
 .hw_lock.ICU_0U_5U
                0x000000001ffe0479        0x1 Build/synergy/ssp/src/bsp/mcu/s7g2/bsp_hw_locks.o
                0x000000001ffe0479                g_hw_lock_ICU_0U_5U
 .hw_lock.ICU_0U_6U
                0x000000001ffe047a        0x1 Build/synergy/ssp/src/bsp/mcu/s7g2/bsp_hw_locks.o
                0x000000001ffe047a                g_hw_lock_ICU_0U_6U
 .hw_lock.ICU_0U_7U
                0x000000001ffe047b        0x1 Build/synergy/ssp/src/bsp/mcu/s7g2/bsp_hw_locks.o
                0x000000001ffe047b                g_hw_lock_ICU_0U_7U
 .hw_lock.ICU_0U_8U
                0x000000001ffe047c        0x1 Build/synergy/ssp/src/bsp/mcu/s7g2/bsp_hw_locks.o
                0x000000001ffe047c                g_hw_lock_ICU_0U_8U
 .hw_lock.ICU_0U_9U
                0x000000001ffe047d        0x1 Build/synergy/ssp/src/bsp/mcu/s7g2/bsp_hw_locks.o
                0x000000001ffe047d                g_hw_lock_ICU_0U_9U
 .hw_lock.IIC_0U_0U
                0x000000001ffe047e        0x1 Build/synergy/ssp/src/bsp/mcu/s7g2/bsp_hw_locks.o
                0x000000001ffe047e                g_hw_lock_IIC_0U_0U
 .hw_lock.IIC_0U_1U
                0x000000001ffe047f        0x1 Build/synergy/ssp/src/bsp/mcu/s7g2/bsp_hw_locks.o
                0x000000001ffe047f                g_hw_lock_IIC_0U_1U
 .hw_lock.IIC_0U_2U
                0x000000001ffe0480        0x1 Build/synergy/ssp/src/bsp/mcu/s7g2/bsp_hw_locks.o
                0x000000001ffe0480                g_hw_lock_IIC_0U_2U
 .hw_lock.IRDA_0U_0U
                0x000000001ffe0481        0x1 Build/synergy/ssp/src/bsp/mcu/s7g2/bsp_hw_locks.o
                0x000000001ffe0481                g_hw_lock_IRDA_0U_0U
 .hw_lock.IWDT_0U_0U
                0x000000001ffe0482        0x1 Build/synergy/ssp/src/bsp/mcu/s7g2/bsp_hw_locks.o
                0x000000001ffe0482                g_hw_lock_IWDT_0U_0U
 .hw_lock.JPEG_0U_0U
                0x000000001ffe0483        0x1 Build/synergy/ssp/src/bsp/mcu/s7g2/bsp_hw_locks.o
                0x000000001ffe0483                g_hw_lock_JPEG_0U_0U
 .hw_lock.KEY_0U_0U
                0x000000001ffe0484        0x1 Build/synergy/ssp/src/bsp/mcu/s7g2/bsp_hw_locks.o
                0x000000001ffe0484                g_hw_lock_KEY_0U_0U
 .hw_lock.LPM_1U_0U
                0x000000001ffe0485        0x1 Build/synergy/ssp/src/bsp/mcu/s7g2/bsp_hw_locks.o
                0x000000001ffe0485                g_hw_lock_LPM_1U_0U
 .hw_lock.LVD_0U_0U
                0x000000001ffe0486        0x1 Build/synergy/ssp/src/bsp/mcu/s7g2/bsp_hw_locks.o
                0x000000001ffe0486                g_hw_lock_LVD_0U_0U
 .hw_lock.LVD_0U_1U
                0x000000001ffe0487        0x1 Build/synergy/ssp/src/bsp/mcu/s7g2/bsp_hw_locks.o
                0x000000001ffe0487                g_hw_lock_LVD_0U_1U
 .hw_lock.MMF_0U_0U
                0x000000001ffe0488        0x1 Build/synergy/ssp/src/bsp/mcu/s7g2/bsp_hw_locks.o
                0x000000001ffe0488                g_hw_lock_MMF_0U_0U
 .hw_lock.MPU_0U_0U
                0x000000001ffe0489        0x1 Build/synergy/ssp/src/bsp/mcu/s7g2/bsp_hw_locks.o
                0x000000001ffe0489                g_hw_lock_MPU_0U_0U
 .hw_lock.OPS_0U_0U
                0x000000001ffe048a        0x1 Build/synergy/ssp/src/bsp/mcu/s7g2/bsp_hw_locks.o
                0x000000001ffe048a                g_hw_lock_OPS_0U_0U
 .hw_lock.PDC_0U_0U
                0x000000001ffe048b        0x1 Build/synergy/ssp/src/bsp/mcu/s7g2/bsp_hw_locks.o
                0x000000001ffe048b                g_hw_lock_PDC_0U_0U
 .hw_lock.POEG_0U_0U
                0x000000001ffe048c        0x1 Build/synergy/ssp/src/bsp/mcu/s7g2/bsp_hw_locks.o
                0x000000001ffe048c                g_hw_lock_POEG_0U_0U
 .hw_lock.POEG_0U_1U
                0x000000001ffe048d        0x1 Build/synergy/ssp/src/bsp/mcu/s7g2/bsp_hw_locks.o
                0x000000001ffe048d                g_hw_lock_POEG_0U_1U
 .hw_lock.POEG_0U_2U
                0x000000001ffe048e        0x1 Build/synergy/ssp/src/bsp/mcu/s7g2/bsp_hw_locks.o
                0x000000001ffe048e                g_hw_lock_POEG_0U_2U
 .hw_lock.POEG_0U_3U
                0x000000001ffe048f        0x1 Build/synergy/ssp/src/bsp/mcu/s7g2/bsp_hw_locks.o
                0x000000001ffe048f                g_hw_lock_POEG_0U_3U
 .hw_lock.QSPI_0U_0U
                0x000000001ffe0490        0x1 Build/synergy/ssp/src/bsp/mcu/s7g2/bsp_hw_locks.o
                0x000000001ffe0490                g_hw_lock_QSPI_0U_0U
 .hw_lock.RTC_0U_0U
                0x000000001ffe0491        0x1 Build/synergy/ssp/src/bsp/mcu/s7g2/bsp_hw_locks.o
                0x000000001ffe0491                g_hw_lock_RTC_0U_0U
 .hw_lock.SCE_0U_0U
                0x000000001ffe0492        0x1 Build/synergy/ssp/src/bsp/mcu/s7g2/bsp_hw_locks.o
                0x000000001ffe0492                g_hw_lock_SCE_0U_0U
 .hw_lock.SCI_0U_0U
                0x000000001ffe0493        0x1 Build/synergy/ssp/src/bsp/mcu/s7g2/bsp_hw_locks.o
                0x000000001ffe0493                g_hw_lock_SCI_0U_0U
 .hw_lock.SCI_0U_1U
                0x000000001ffe0494        0x1 Build/synergy/ssp/src/bsp/mcu/s7g2/bsp_hw_locks.o
                0x000000001ffe0494                g_hw_lock_SCI_0U_1U
 .hw_lock.SCI_0U_2U
                0x000000001ffe0495        0x1 Build/synergy/ssp/src/bsp/mcu/s7g2/bsp_hw_locks.o
                0x000000001ffe0495                g_hw_lock_SCI_0U_2U
 .hw_lock.SCI_0U_3U
                0x000000001ffe0496        0x1 Build/synergy/ssp/src/bsp/mcu/s7g2/bsp_hw_locks.o
                0x000000001ffe0496                g_hw_lock_SCI_0U_3U
 .hw_lock.SCI_0U_4U
                0x000000001ffe0497        0x1 Build/synergy/ssp/src/bsp/mcu/s7g2/bsp_hw_locks.o
                0x000000001ffe0497                g_hw_lock_SCI_0U_4U
 .hw_lock.SCI_0U_5U
                0x000000001ffe0498        0x1 Build/synergy/ssp/src/bsp/mcu/s7g2/bsp_hw_locks.o
                0x000000001ffe0498                g_hw_lock_SCI_0U_5U
 .hw_lock.SCI_0U_6U
                0x000000001ffe0499        0x1 Build/synergy/ssp/src/bsp/mcu/s7g2/bsp_hw_locks.o
                0x000000001ffe0499                g_hw_lock_SCI_0U_6U
 .hw_lock.SCI_0U_7U
                0x000000001ffe049a        0x1 Build/synergy/ssp/src/bsp/mcu/s7g2/bsp_hw_locks.o
                0x000000001ffe049a                g_hw_lock_SCI_0U_7U
 .hw_lock.SCI_0U_8U
                0x000000001ffe049b        0x1 Build/synergy/ssp/src/bsp/mcu/s7g2/bsp_hw_locks.o
                0x000000001ffe049b                g_hw_lock_SCI_0U_8U
 .hw_lock.SCI_0U_9U
                0x000000001ffe049c        0x1 Build/synergy/ssp/src/bsp/mcu/s7g2/bsp_hw_locks.o
                0x000000001ffe049c                g_hw_lock_SCI_0U_9U
 .hw_lock.SDHIMMC_0U_0U
                0x000000001ffe049d        0x1 Build/synergy/ssp/src/bsp/mcu/s7g2/bsp_hw_locks.o
                0x000000001ffe049d                g_hw_lock_SDHIMMC_0U_0U
 .hw_lock.SDHIMMC_0U_1U
                0x000000001ffe049e        0x1 Build/synergy/ssp/src/bsp/mcu/s7g2/bsp_hw_locks.o
                0x000000001ffe049e                g_hw_lock_SDHIMMC_0U_1U
 .hw_lock.SPI_0U_0U
                0x000000001ffe049f        0x1 Build/synergy/ssp/src/bsp/mcu/s7g2/bsp_hw_locks.o
                0x000000001ffe049f                g_hw_lock_SPI_0U_0U
 .hw_lock.SPI_0U_1U
                0x000000001ffe04a0        0x1 Build/synergy/ssp/src/bsp/mcu/s7g2/bsp_hw_locks.o
                0x000000001ffe04a0                g_hw_lock_SPI_0U_1U
 .hw_lock.SRC_0U_0U
                0x000000001ffe04a1        0x1 Build/synergy/ssp/src/bsp/mcu/s7g2/bsp_hw_locks.o
                0x000000001ffe04a1                g_hw_lock_SRC_0U_0U
 .hw_lock.SSI_0U_0U
                0x000000001ffe04a2        0x1 Build/synergy/ssp/src/bsp/mcu/s7g2/bsp_hw_locks.o
                0x000000001ffe04a2                g_hw_lock_SSI_0U_0U
 .hw_lock.SSI_0U_1U
                0x000000001ffe04a3        0x1 Build/synergy/ssp/src/bsp/mcu/s7g2/bsp_hw_locks.o
                0x000000001ffe04a3                g_hw_lock_SSI_0U_1U
 .hw_lock.TSN_0U_0U
                0x000000001ffe04a4        0x1 Build/synergy/ssp/src/bsp/mcu/s7g2/bsp_hw_locks.o
                0x000000001ffe04a4                g_hw_lock_TSN_0U_0U
 .hw_lock.USB_0U_0U
                0x000000001ffe04a5        0x1 Build/synergy/ssp/src/bsp/mcu/s7g2/bsp_hw_locks.o
                0x000000001ffe04a5                g_hw_lock_USB_0U_0U
 .hw_lock.USB_1U_0U
                0x000000001ffe04a6        0x1 Build/synergy/ssp/src/bsp/mcu/s7g2/bsp_hw_locks.o
                0x000000001ffe04a6                g_hw_lock_USB_1U_0U
 .hw_lock.WDT_0U_0U
                0x000000001ffe04a7        0x1 Build/synergy/ssp/src/bsp/mcu/s7g2/bsp_hw_locks.o
                0x000000001ffe04a7                g_hw_lock_WDT_0U_0U
                0x000000001ffe04a8                __Lock_End = .
                0x000000001ffe04a8                . = ALIGN (0x4)
                0x000000001ffe04a8                __data_end__ = .
                0x000000000000006c                __Lock_Size = (__Lock_End - __Lock_Start)

.tm_clone_table
                0x000000001ffe04a8        0x0 load address 0x00000000000042c4
 .tm_clone_table
                0x000000001ffe04a8        0x0 /usr/lib/gcc/arm-none-eabi/9.2.1/thumb/v7e-m+fp/hard/crtbegin.o
 .tm_clone_table
                0x000000001ffe04a8        0x0 /usr/lib/gcc/arm-none-eabi/9.2.1/thumb/v7e-m+fp/hard/crtend.o

.igot.plt       0x000000001ffe04a8        0x0 load address 0x00000000000042c4
 .igot.plt      0x000000001ffe04a8        0x0 /usr/lib/gcc/arm-none-eabi/9.2.1/thumb/v7e-m+fp/hard/crtbegin.o

.qspi_flash     0x0000000060000000        0x0
                0x0000000060000000                __qspi_flash_start__ = .
 *(.qspi_flash*)
                0x0000000060000000                __qspi_flash_end__ = .
                0x0000000000000000                __qspi_flash_code_size__ = (__qspi_flash_end__ - __qspi_flash_start__)
                0x00000000000042c4                __qspi_flash_code_addr__ = (__etext + (__data_end__ - __data_start__))

.qspi_non_retentive
                0x0000000060000000        0x0 load address 0x00000000000042c4
                0x0000000060000000                __qspi_non_retentive_start__ = .
 *(.qspi_non_retentive*)
                0x0000000060000000                __qspi_non_retentive_end__ = .
                0x0000000000000000                __qspi_non_retentive_size__ = (__qspi_non_retentive_end__ - __qspi_non_retentive_start__)
                0x0000000004000000                __qspi_region_max_size__ = 0x4000000
                0x0000000060000000                __qspi_region_start_address__ = __qspi_flash_start__
                0x0000000064000000                __qspi_region_end_address__ = (__qspi_flash_start__ + __qspi_region_max_size__)

.noinit         0x000000001ffe04a8       0x40
                0x000000001ffe04a8                . = ALIGN (0x4)
                0x000000001ffe04a8                __noinit_start = .
 *(.noinit*)
 .noinit        0x000000001ffe04a8        0x8 Build/synergy/ssp/src/bsp/cmsis/Device/RENESAS/S7G2/Source/system_S7G2.o
 .noinit        0x000000001ffe04b0       0x20 Build/synergy/ssp/src/driver/r_cgc/r_cgc.o
                0x000000001ffe04b0                gp_cgc_feature
 .noinit        0x000000001ffe04d0       0x14 Build/synergy/ssp/src/driver/r_ioport/r_ioport.o
 .noinit        0x000000001ffe04e4        0x4 /home/nicko/work/Renesas-SK-S7G2_devel/synergy/ssp/src/driver/r_fmi/libs/libfmi_cm4_s7g2_gcc.a(r_fmi.o)
                0x000000001ffe04e8                __noinit_end = .

.bss            0x000000001ffe04e8       0x78
                0x000000001ffe04e8                . = ALIGN (0x4)
                0x000000001ffe04e8                __bss_start__ = .
 *(.bss*)
 .bss           0x000000001ffe04e8       0x1c /usr/lib/gcc/arm-none-eabi/9.2.1/thumb/v7e-m+fp/hard/crtbegin.o
 .bss.device_characteristics
                0x000000001ffe0504        0x3 Build/synergy/board/s7g2_sk/bsp_qspi.o
 *fill*         0x000000001ffe0507        0x1 
 .bss.flag_status2
                0x000000001ffe0508        0x1 Build/synergy/board/s7g2_sk/bsp_qspi.o
 *fill*         0x000000001ffe0509        0x3 
 .bss.SystemCoreClock
                0x000000001ffe050c        0x4 Build/synergy/ssp/src/bsp/cmsis/Device/RENESAS/S7G2/Source/system_S7G2.o
                0x000000001ffe050c                SystemCoreClock
 .bss.g_vector_information_size
                0x000000001ffe0510        0x4 Build/synergy/ssp/src/bsp/mcu/all/bsp_irq.o
                0x000000001ffe0510                g_vector_information_size
 .bss.g_bsp_lock_lookup_size
                0x000000001ffe0514        0x4 Build/synergy/ssp/src/bsp/mcu/all/bsp_locking.o
 .bss.gp_bsp_lock_lookup
                0x000000001ffe0518        0x4 Build/synergy/ssp/src/bsp/mcu/all/bsp_locking.o
 .bss.gp_bsp_locks
                0x000000001ffe051c        0x4 Build/synergy/ssp/src/bsp/mcu/all/bsp_locking.o
 .bss.g_protect_counters
                0x000000001ffe0520        0x6 Build/synergy/ssp/src/bsp/mcu/all/bsp_register_protection.o
 *fill*         0x000000001ffe0526        0x2 
 .bss.g_bsp_group_irq_sources
                0x000000001ffe0528       0x30 Build/synergy/ssp/src/bsp/mcu/s7g2/bsp_group_irq.o
 .bss.gp_elc_reg
                0x000000001ffe0558        0x4 Build/synergy/ssp/src/driver/r_elc/r_elc.o
 .bss.g_protect_pfswe_counter
                0x000000001ffe055c        0x2 Build/synergy/ssp/src/driver/r_ioport/r_ioport.o
                0x000000001ffe055c                g_protect_pfswe_counter
 *(COMMON)
                0x000000001ffe0560                . = ALIGN (0x4)
 *fill*         0x000000001ffe055e        0x2 
                0x000000001ffe0560                __bss_end__ = .

.heap           0x000000001ffe0560     0x1000
                0x000000001ffe0560                . = ALIGN (0x8)
 *(.heap_d1)
                0x000000001ffe0560                . = ALIGN (0x8)
                0x000000001ffe0560                __HeapBase = .
                0x000000001ffe0560                __end__ = .
                0x000000001ffe0560                end = __end__
 *(.heap*)
 .heap          0x000000001ffe0560     0x1000 Build/synergy/ssp/src/bsp/cmsis/Device/RENESAS/S7G2/Source/startup_S7G2.o
                0x000000001ffe1560                __HeapLimit = .

.stack_dummy    0x000000001ffe1560      0x800
                0x000000001ffe1560                . = ALIGN (0x8)
                0x000000001ffe1560                __StackLimit = .
 *(.stack)
 .stack         0x000000001ffe1560      0x800 Build/synergy/ssp/src/bsp/cmsis/Device/RENESAS/S7G2/Source/startup_S7G2.o
                0x000000001ffe1d60                __StackTop = .
 *(.stack*)
                0x000000001ffe1d60                __StackTopAll = .
                0x000000001ffe1d60                PROVIDE (__stack = __StackTopAll)
                0x000000001ffe1d60                __RAM_segment_used_end__ = ALIGN (__StackTopAll, 0x4)

.dflash         0x0000000040100000        0x0
                0x0000000040100000                __Data_Flash_Start = .
 *(.dflash*)
                0x0000000040100000                __Data_Flash_End = .

.sdram          0x0000000090000000        0x0
                0x0000000090000000                __SDRAM_Start = .
 *(.sdram*)
 *(.frame*)
                0x0000000090000000                __SDRAM_End = .

.id_code_1      0x0000000040120050       0x10
                0x0000000040120050                __ID_Codes_Start = .
 *(.id_code_1*)
 .id_code_1     0x0000000040120050       0x10 Build/synergy/ssp/src/bsp/mcu/s7g2/bsp_rom_registers.o
                0x0000000040120060                __ID_Codes_End = .
OUTPUT(Build/test.elf elf32-littlearm)
LOAD linker stubs

.rel.dyn        0x0000000040120060        0x0
 .rel.iplt      0x0000000040120060        0x0 /usr/lib/gcc/arm-none-eabi/9.2.1/thumb/v7e-m+fp/hard/crtbegin.o

.ARM.attributes
                0x0000000000000000       0x30
 .ARM.attributes
                0x0000000000000000       0x1e /usr/lib/gcc/arm-none-eabi/9.2.1/thumb/v7e-m+fp/hard/crti.o
 .ARM.attributes
                0x000000000000001e       0x34 /usr/lib/gcc/arm-none-eabi/9.2.1/thumb/v7e-m+fp/hard/crtbegin.o
 .ARM.attributes
                0x0000000000000052       0x34 Build/src/hal_entry.o
 .ARM.attributes
                0x0000000000000086       0x34 Build/src/synergy_gen/main.o
 .ARM.attributes
                0x00000000000000ba       0x34 Build/src/synergy_gen/common_data.o
 .ARM.attributes
                0x00000000000000ee       0x39 Build/src/synergy_gen/pin_data.o
 .ARM.attributes
                0x0000000000000127       0x34 Build/synergy/board/s7g2_sk/bsp_init.o
 .ARM.attributes
                0x000000000000015b       0x39 Build/synergy/board/s7g2_sk/bsp_leds.o
 .ARM.attributes
                0x0000000000000194       0x34 Build/synergy/board/s7g2_sk/bsp_qspi.o
 .ARM.attributes
                0x00000000000001c8       0x34 Build/synergy/ssp/src/bsp/cmsis/Device/RENESAS/S7G2/Source/system_S7G2.o
 .ARM.attributes
                0x00000000000001fc       0x34 Build/synergy/ssp/src/bsp/cmsis/Device/RENESAS/S7G2/Source/startup_S7G2.o
 .ARM.attributes
                0x0000000000000230       0x34 Build/synergy/ssp/src/bsp/mcu/all/bsp_irq.o
 .ARM.attributes
                0x0000000000000264       0x34 Build/synergy/ssp/src/bsp/mcu/all/bsp_common.o
 .ARM.attributes
                0x0000000000000298       0x34 Build/synergy/ssp/src/bsp/mcu/all/bsp_locking.o
 .ARM.attributes
                0x00000000000002cc       0x34 Build/synergy/ssp/src/bsp/mcu/all/bsp_common_leds.o
 .ARM.attributes
                0x0000000000000300       0x34 Build/synergy/ssp/src/bsp/mcu/all/bsp_delay.o
 .ARM.attributes
                0x0000000000000334       0x34 Build/synergy/ssp/src/bsp/mcu/all/bsp_register_protection.o
 .ARM.attributes
                0x0000000000000368       0x34 Build/synergy/ssp/src/bsp/mcu/s7g2/bsp_module_stop.o
 .ARM.attributes
                0x000000000000039c       0x34 Build/synergy/ssp/src/bsp/mcu/s7g2/bsp_group_irq.o
 .ARM.attributes
                0x00000000000003d0       0x34 Build/synergy/ssp/src/bsp/mcu/s7g2/bsp_feature.o
 .ARM.attributes
                0x0000000000000404       0x39 Build/synergy/ssp/src/bsp/mcu/s7g2/bsp_rom_registers.o
 .ARM.attributes
                0x000000000000043d       0x39 Build/synergy/ssp/src/bsp/mcu/s7g2/bsp_hw_locks.o
 .ARM.attributes
                0x0000000000000476       0x34 Build/synergy/ssp/src/bsp/mcu/s7g2/bsp_clocks.o
 .ARM.attributes
                0x00000000000004aa       0x34 Build/synergy/ssp/src/bsp/mcu/s7g2/bsp_cache.o
 .ARM.attributes
                0x00000000000004de       0x34 Build/synergy/ssp/src/driver/r_cgc/r_cgc.o
 .ARM.attributes
                0x0000000000000512       0x34 Build/synergy/ssp/src/driver/r_elc/r_elc.o
 .ARM.attributes
                0x0000000000000546       0x34 Build/synergy/ssp/src/driver/r_ioport/r_ioport.o
 .ARM.attributes
                0x000000000000057a       0x34 /home/nicko/work/Renesas-SK-S7G2_devel/synergy/ssp/src/driver/r_fmi/libs/libfmi_cm4_s7g2_gcc.a(r_fmi.o)
 .ARM.attributes
                0x00000000000005ae       0x34 /home/nicko/work/Renesas-SK-S7G2_devel/synergy/ssp/src/bsp/mcu/s7g2/libfmi_R7FS7G27H3A01CFC_gcc.a(bsp_fmi_R7FS7G27H3A01CFC.o)
 .ARM.attributes
                0x00000000000005e2       0x34 /usr/lib/gcc/arm-none-eabi/9.2.1/../../../arm-none-eabi/lib/thumb/v7e-m+fp/hard/libc.a(lib_a-atexit.o)
 .ARM.attributes
                0x0000000000000616       0x34 /usr/lib/gcc/arm-none-eabi/9.2.1/../../../arm-none-eabi/lib/thumb/v7e-m+fp/hard/libc.a(lib_a-fini.o)
 .ARM.attributes
                0x000000000000064a       0x32 /usr/lib/gcc/arm-none-eabi/9.2.1/../../../arm-none-eabi/lib/thumb/v7e-m+fp/hard/libc.a(lib_a-impure.o)
 .ARM.attributes
                0x000000000000067c       0x34 /usr/lib/gcc/arm-none-eabi/9.2.1/../../../arm-none-eabi/lib/thumb/v7e-m+fp/hard/libc.a(lib_a-rand.o)
 .ARM.attributes
                0x00000000000006b0       0x34 /usr/lib/gcc/arm-none-eabi/9.2.1/../../../arm-none-eabi/lib/thumb/v7e-m+fp/hard/libc.a(lib_a-__atexit.o)
 .ARM.attributes
                0x00000000000006e4       0x34 /usr/lib/gcc/arm-none-eabi/9.2.1/../../../arm-none-eabi/lib/thumb/v7e-m+fp/hard/libc.a(lib_a-__call_atexit.o)
 .ARM.attributes
                0x0000000000000718       0x32 /usr/lib/gcc/arm-none-eabi/9.2.1/thumb/v7e-m+fp/hard/crtend.o
 .ARM.attributes
                0x000000000000074a       0x1e /usr/lib/gcc/arm-none-eabi/9.2.1/thumb/v7e-m+fp/hard/crtn.o

.comment        0x0000000000000000       0xf0
 .comment       0x0000000000000000       0x59 /usr/lib/gcc/arm-none-eabi/9.2.1/thumb/v7e-m+fp/hard/crtbegin.o
                                         0x5a (size before relaxing)
 .comment       0x0000000000000059       0x5a Build/src/hal_entry.o
 .comment       0x0000000000000059       0x5a Build/src/synergy_gen/main.o
 .comment       0x0000000000000059       0x5a Build/src/synergy_gen/common_data.o
 .comment       0x0000000000000059       0x5a Build/src/synergy_gen/pin_data.o
 .comment       0x0000000000000059       0x5a Build/synergy/board/s7g2_sk/bsp_init.o
 .comment       0x0000000000000059       0x5a Build/synergy/board/s7g2_sk/bsp_leds.o
 .comment       0x0000000000000059       0x5a Build/synergy/board/s7g2_sk/bsp_qspi.o
 .comment       0x0000000000000059       0x5a Build/synergy/ssp/src/bsp/cmsis/Device/RENESAS/S7G2/Source/system_S7G2.o
 .comment       0x0000000000000059       0x5a Build/synergy/ssp/src/bsp/cmsis/Device/RENESAS/S7G2/Source/startup_S7G2.o
 .comment       0x0000000000000059       0x5a Build/synergy/ssp/src/bsp/mcu/all/bsp_irq.o
 .comment       0x0000000000000059       0x5a Build/synergy/ssp/src/bsp/mcu/all/bsp_common.o